Archive member included because of file (symbol)

D:/Programme/Freescale/CW10.5/CW MCU v10.5/MCU/ARM_GCC_Support/ewl/lib/armv6-m\libc.a(exit.o)
                              ./Project_Settings/Startup_Code/__arm_start.o (exit)
D:/Programme/Freescale/CW10.5/CW MCU v10.5/MCU/ARM_GCC_Support/ewl/lib/armv6-m\libc.a(memcpy.o)
                              ./Sources/daveApp.o (memcpy)
D:/Programme/Freescale/CW10.5/CW MCU v10.5/MCU/ARM_GCC_Support/ewl/lib/armv6-m\libc.a(memset.o)
                              ./Project_Settings/Startup_Code/__arm_start.o (memset)
D:/Programme/Freescale/CW10.5/CW MCU v10.5/MCU/ARM_GCC_Support/ewl/lib/armv6-m\libc.a(printformat_.o)
                              (__pformatter_)
D:/Programme/Freescale/CW10.5/CW MCU v10.5/MCU/ARM_GCC_Support/ewl/lib/armv6-m\libc.a(scanformat_.o)
                              (__sformatter)
D:/Programme/Freescale/CW10.5/CW MCU v10.5/MCU/ARM_GCC_Support/ewl/lib/armv6-m\libc.a(ctype_aeabi.o)
                              D:/Programme/Freescale/CW10.5/CW MCU v10.5/MCU/ARM_GCC_Support/ewl/lib/armv6-m\libc.a(scanformat_.o) (isspace)
D:/Programme/Freescale/CW10.5/CW MCU v10.5/MCU/ARM_GCC_Support/ewl/lib/armv6-m\libc.a(__strtoul.o)
                              D:/Programme/Freescale/CW10.5/CW MCU v10.5/MCU/ARM_GCC_Support/ewl/lib/armv6-m\libc.a(scanformat_.o) (__strtoul)
D:/Programme/Freescale/CW10.5/CW MCU v10.5/MCU/ARM_GCC_Support/ewl/lib/armv6-m\libc.a(__filll_mem.o)
                              D:/Programme/Freescale/CW10.5/CW MCU v10.5/MCU/ARM_GCC_Support/ewl/lib/armv6-m\libc.a(memset.o) (__fill_mem)
D:/Programme/Freescale/CW10.5/CW MCU v10.5/MCU/ARM_GCC_Support/ewl/lib/armv6-m\libc.a(memchr.o)
                              D:/Programme/Freescale/CW10.5/CW MCU v10.5/MCU/ARM_GCC_Support/ewl/lib/armv6-m\libc.a(printformat_.o) (memchr)
D:/Programme/Freescale/CW10.5/CW MCU v10.5/MCU/ARM_GCC_Support/ewl/lib/armv6-m\libc.a(strchr.o)
                              D:/Programme/Freescale/CW10.5/CW MCU v10.5/MCU/ARM_GCC_Support/ewl/lib/armv6-m\libc.a(printformat_.o) (strchr)
D:/Programme/Freescale/CW10.5/CW MCU v10.5/MCU/ARM_GCC_Support/ewl/lib/armv6-m\libc.a(strlen.o)
                              D:/Programme/Freescale/CW10.5/CW MCU v10.5/MCU/ARM_GCC_Support/ewl/lib/armv6-m\libc.a(printformat_.o) (strlen)
d:/programme/freescale/cw10.5/cw mcu v10.5/cross_tools/arm-none-eabi-gcc-4_7_3/bin/../lib/gcc/arm-none-eabi/4.7.3/armv6-m\libgcc.a(_thumb1_case_sqi.o)
                              D:/Programme/Freescale/CW10.5/CW MCU v10.5/MCU/ARM_GCC_Support/ewl/lib/armv6-m\libc.a(__strtoul.o) (__gnu_thumb1_case_sqi)
d:/programme/freescale/cw10.5/cw mcu v10.5/cross_tools/arm-none-eabi-gcc-4_7_3/bin/../lib/gcc/arm-none-eabi/4.7.3/armv6-m\libgcc.a(_thumb1_case_uqi.o)
                              D:/Programme/Freescale/CW10.5/CW MCU v10.5/MCU/ARM_GCC_Support/ewl/lib/armv6-m\libc.a(scanformat_.o) (__gnu_thumb1_case_uqi)
d:/programme/freescale/cw10.5/cw mcu v10.5/cross_tools/arm-none-eabi-gcc-4_7_3/bin/../lib/gcc/arm-none-eabi/4.7.3/armv6-m\libgcc.a(_udivsi3.o)
                              D:/Programme/Freescale/CW10.5/CW MCU v10.5/MCU/ARM_GCC_Support/ewl/lib/armv6-m\libc.a(printformat_.o) (__aeabi_uidiv)
d:/programme/freescale/cw10.5/cw mcu v10.5/cross_tools/arm-none-eabi-gcc-4_7_3/bin/../lib/gcc/arm-none-eabi/4.7.3/armv6-m\libgcc.a(_divsi3.o)
                              ./Sources/daveApp.o (__aeabi_idiv)
d:/programme/freescale/cw10.5/cw mcu v10.5/cross_tools/arm-none-eabi-gcc-4_7_3/bin/../lib/gcc/arm-none-eabi/4.7.3/armv6-m\libgcc.a(_dvmd_tls.o)
                              d:/programme/freescale/cw10.5/cw mcu v10.5/cross_tools/arm-none-eabi-gcc-4_7_3/bin/../lib/gcc/arm-none-eabi/4.7.3/armv6-m\libgcc.a(_udivsi3.o) (__aeabi_idiv0)
D:/Programme/Freescale/CW10.5/CW MCU v10.5/MCU/ARM_GCC_Support/ewl/lib/armv6-m\librt.a(gcc_ctor_dtor.o)
                              ./Project_Settings/Startup_Code/__arm_start.o (__init_cpp)
D:/Programme/Freescale/CW10.5/CW MCU v10.5/MCU/ARM_GCC_Support/ewl/lib/armv6-m\librt.a(ROMCopy.o)
                              ./Project_Settings/Startup_Code/__arm_start.o (__copy_rom_sections_to_ram)
D:/Programme/Freescale/CW10.5/CW MCU v10.5/MCU/ARM_GCC_Support/ewl/lib/armv6-m\librt.a(__arm_eabi_init.o)
                              D:/Programme/Freescale/CW10.5/CW MCU v10.5/MCU/ARM_GCC_Support/ewl/lib/armv6-m\libc.a(exit.o) (__destroy_global_chain)

Allocating common symbols
Common symbol       size              file

bLCD_CharPosition   0x1               ./Sources/LCD/LCD.o
lcd_alternate_mode  0x1               ./Sources/LCD/LCD.o
SR_reg              0x1               ./Generated_Code/Cpu.o
lcdBuffer           0x20              ./Sources/LCD/LCD.o

Discarded input sections

 .text          0x00000000        0x0 ./Generated_Code/WAIT1.o
 .data          0x00000000        0x0 ./Generated_Code/WAIT1.o
 .bss           0x00000000        0x0 ./Generated_Code/WAIT1.o
 .text          0x00000000        0x0 ./Generated_Code/Vectors.o
 .data          0x00000000        0x0 ./Generated_Code/Vectors.o
 .bss           0x00000000        0x0 ./Generated_Code/Vectors.o
 .text          0x00000000        0x0 ./Generated_Code/SegLCD1.o
 .data          0x00000000        0x0 ./Generated_Code/SegLCD1.o
 .bss           0x00000000        0x0 ./Generated_Code/SegLCD1.o
 .rodata.FrontplaneLCDxxPin
                0x00000000        0x8 ./Generated_Code/SegLCD1.o
 .text.SegLCD1_Deinit
                0x00000000       0x48 ./Generated_Code/SegLCD1.o
 .text.SegLCD1_GetEventStatus
                0x00000000       0x24 ./Generated_Code/SegLCD1.o
 .text.SegLCD1_SetFrontplaneData
                0x00000000       0xa4 ./Generated_Code/SegLCD1.o
 .text.SegLCD1_GetFrontplaneData
                0x00000000       0x74 ./Generated_Code/SegLCD1.o
 .text.SegLCD1_SetBlinking
                0x00000000       0x78 ./Generated_Code/SegLCD1.o
 .text.SegLCD1_SetBlank
                0x00000000       0x78 ./Generated_Code/SegLCD1.o
 .text          0x00000000        0x0 ./Generated_Code/PE_LDD.o
 .data          0x00000000        0x0 ./Generated_Code/PE_LDD.o
 .bss           0x00000000        0x0 ./Generated_Code/PE_LDD.o
 .rodata.PE_CpuClockConfigurations
                0x00000000       0x28 ./Generated_Code/PE_LDD.o
 .text.PE_FillMemory
                0x00000000       0x28 ./Generated_Code/PE_LDD.o
 .text.PE_PeripheralUsed
                0x00000000       0x4c ./Generated_Code/PE_LDD.o
 .text.LDD_SetClockConfiguration
                0x00000000       0x14 ./Generated_Code/PE_LDD.o
 .text          0x00000000        0x0 ./Generated_Code/LEDpin2.o
 .data          0x00000000        0x0 ./Generated_Code/LEDpin2.o
 .bss           0x00000000        0x0 ./Generated_Code/LEDpin2.o
 .debug_info    0x00000000       0x76 ./Generated_Code/LEDpin2.o
 .debug_abbrev  0x00000000       0x28 ./Generated_Code/LEDpin2.o
 .debug_aranges
                0x00000000       0x18 ./Generated_Code/LEDpin2.o
 .debug_macinfo
                0x00000000    0x3ac5b ./Generated_Code/LEDpin2.o
 .debug_line    0x00000000      0x25e ./Generated_Code/LEDpin2.o
 .debug_str     0x00000000      0x130 ./Generated_Code/LEDpin2.o
 .comment       0x00000000       0x7a ./Generated_Code/LEDpin2.o
 .ARM.attributes
                0x00000000       0x31 ./Generated_Code/LEDpin2.o
 .text          0x00000000        0x0 ./Generated_Code/LEDpin1.o
 .data          0x00000000        0x0 ./Generated_Code/LEDpin1.o
 .bss           0x00000000        0x0 ./Generated_Code/LEDpin1.o
 .debug_info    0x00000000       0x76 ./Generated_Code/LEDpin1.o
 .debug_abbrev  0x00000000       0x28 ./Generated_Code/LEDpin1.o
 .debug_aranges
                0x00000000       0x18 ./Generated_Code/LEDpin1.o
 .debug_macinfo
                0x00000000    0x3ac55 ./Generated_Code/LEDpin1.o
 .debug_line    0x00000000      0x25e ./Generated_Code/LEDpin1.o
 .debug_str     0x00000000      0x130 ./Generated_Code/LEDpin1.o
 .comment       0x00000000       0x7a ./Generated_Code/LEDpin1.o
 .ARM.attributes
                0x00000000       0x31 ./Generated_Code/LEDpin1.o
 .text          0x00000000        0x0 ./Generated_Code/LED2.o
 .data          0x00000000        0x0 ./Generated_Code/LED2.o
 .bss           0x00000000        0x0 ./Generated_Code/LED2.o
 .text.LED2_Deinit
                0x00000000        0x8 ./Generated_Code/LED2.o
 .text.LED2_SetRatio16
                0x00000000       0x3c ./Generated_Code/LED2.o
 .debug_info    0x00000000       0xe3 ./Generated_Code/LED2.o
 .debug_abbrev  0x00000000       0xa3 ./Generated_Code/LED2.o
 .debug_loc     0x00000000       0x64 ./Generated_Code/LED2.o
 .debug_aranges
                0x00000000       0x28 ./Generated_Code/LED2.o
 .debug_macinfo
                0x00000000    0x3ade3 ./Generated_Code/LED2.o
 .debug_line    0x00000000      0x28a ./Generated_Code/LED2.o
 .debug_str     0x00000000      0x17a ./Generated_Code/LED2.o
 .comment       0x00000000       0x7a ./Generated_Code/LED2.o
 .ARM.attributes
                0x00000000       0x31 ./Generated_Code/LED2.o
 .debug_frame   0x00000000       0x4c ./Generated_Code/LED2.o
 .text          0x00000000        0x0 ./Generated_Code/LED1.o
 .data          0x00000000        0x0 ./Generated_Code/LED1.o
 .bss           0x00000000        0x0 ./Generated_Code/LED1.o
 .text.LED1_Deinit
                0x00000000        0x8 ./Generated_Code/LED1.o
 .text.LED1_SetRatio16
                0x00000000       0x3c ./Generated_Code/LED1.o
 .debug_info    0x00000000       0xe3 ./Generated_Code/LED1.o
 .debug_abbrev  0x00000000       0xa3 ./Generated_Code/LED1.o
 .debug_loc     0x00000000       0x64 ./Generated_Code/LED1.o
 .debug_aranges
                0x00000000       0x28 ./Generated_Code/LED1.o
 .debug_macinfo
                0x00000000    0x3addd ./Generated_Code/LED1.o
 .debug_line    0x00000000      0x28a ./Generated_Code/LED1.o
 .debug_str     0x00000000      0x17a ./Generated_Code/LED1.o
 .comment       0x00000000       0x7a ./Generated_Code/LED1.o
 .ARM.attributes
                0x00000000       0x31 ./Generated_Code/LED1.o
 .debug_frame   0x00000000       0x4c ./Generated_Code/LED1.o
 .text          0x00000000        0x0 ./Generated_Code/Cpu.o
 .data          0x00000000        0x0 ./Generated_Code/Cpu.o
 .bss           0x00000000        0x0 ./Generated_Code/Cpu.o
 .bss.SR_lock   0x00000000        0x1 ./Generated_Code/Cpu.o
 COMMON         0x00000000        0x1 ./Generated_Code/Cpu.o
 .text          0x00000000        0x0 ./Generated_Code/BitIoLdd2.o
 .data          0x00000000        0x0 ./Generated_Code/BitIoLdd2.o
 .bss           0x00000000        0x0 ./Generated_Code/BitIoLdd2.o
 .text.BitIoLdd2_GetVal
                0x00000000       0x28 ./Generated_Code/BitIoLdd2.o
 .text.BitIoLdd2_ClrVal
                0x00000000       0x1c ./Generated_Code/BitIoLdd2.o
 .text.BitIoLdd2_NegVal
                0x00000000       0x1c ./Generated_Code/BitIoLdd2.o
 .text          0x00000000        0x0 ./Generated_Code/BitIoLdd1.o
 .data          0x00000000        0x0 ./Generated_Code/BitIoLdd1.o
 .bss           0x00000000        0x0 ./Generated_Code/BitIoLdd1.o
 .text.BitIoLdd1_GetVal
                0x00000000       0x28 ./Generated_Code/BitIoLdd1.o
 .text.BitIoLdd1_ClrVal
                0x00000000       0x18 ./Generated_Code/BitIoLdd1.o
 .text.BitIoLdd1_NegVal
                0x00000000       0x18 ./Generated_Code/BitIoLdd1.o
 .text          0x00000000        0x0 ./Project_Settings/Startup_Code/__arm_start.o
 .data          0x00000000        0x0 ./Project_Settings/Startup_Code/__arm_start.o
 .bss           0x00000000        0x0 ./Project_Settings/Startup_Code/__arm_start.o
 .text.__iar_program_start
                0x00000000        0x4 ./Project_Settings/Startup_Code/__arm_start.o
 .text          0x00000000        0x0 ./Project_Settings/Startup_Code/__arm_end.o
 .data          0x00000000        0x0 ./Project_Settings/Startup_Code/__arm_end.o
 .bss           0x00000000        0x0 ./Project_Settings/Startup_Code/__arm_end.o
 .text          0x00000000        0x0 ./Sources/Common/platform.o
 .data          0x00000000        0x0 ./Sources/Common/platform.o
 .bss           0x00000000        0x0 ./Sources/Common/platform.o
 .text.PL_Init  0x00000000        0xc ./Sources/Common/platform.o
 .text.PL_Deinit
                0x00000000        0xc ./Sources/Common/platform.o
 .debug_info    0x00000000       0x9c ./Sources/Common/platform.o
 .debug_abbrev  0x00000000       0x3b ./Sources/Common/platform.o
 .debug_loc     0x00000000       0x58 ./Sources/Common/platform.o
 .debug_aranges
                0x00000000       0x28 ./Sources/Common/platform.o
 .debug_macinfo
                0x00000000    0x3b3f8 ./Sources/Common/platform.o
 .debug_line    0x00000000      0x396 ./Sources/Common/platform.o
 .debug_str     0x00000000      0x145 ./Sources/Common/platform.o
 .comment       0x00000000       0x7a ./Sources/Common/platform.o
 .ARM.attributes
                0x00000000       0x31 ./Sources/Common/platform.o
 .debug_frame   0x00000000       0x48 ./Sources/Common/platform.o
 .text          0x00000000        0x0 ./Sources/Common/application.o
 .data          0x00000000        0x0 ./Sources/Common/application.o
 .bss           0x00000000        0x0 ./Sources/Common/application.o
 .data.wait_time
                0x00000000        0x4 ./Sources/Common/application.o
 .text.APP_Run  0x00000000       0xe0 ./Sources/Common/application.o
 .debug_info    0x00000000       0x99 ./Sources/Common/application.o
 .debug_abbrev  0x00000000       0x4c ./Sources/Common/application.o
 .debug_loc     0x00000000       0x38 ./Sources/Common/application.o
 .debug_aranges
                0x00000000       0x20 ./Sources/Common/application.o
 .debug_macinfo
                0x00000000    0x3b752 ./Sources/Common/application.o
 .debug_line    0x00000000      0x3b5 ./Sources/Common/application.o
 .debug_str     0x00000000      0x148 ./Sources/Common/application.o
 .comment       0x00000000       0x7a ./Sources/Common/application.o
 .ARM.attributes
                0x00000000       0x31 ./Sources/Common/application.o
 .debug_frame   0x00000000       0x30 ./Sources/Common/application.o
 .text          0x00000000        0x0 ./Sources/Common/LED.o
 .data          0x00000000        0x0 ./Sources/Common/LED.o
 .bss           0x00000000        0x0 ./Sources/Common/LED.o
 .text.LED_Deinit
                0x00000000       0x10 ./Sources/Common/LED.o
 .text.LED_Init
                0x00000000       0x20 ./Sources/Common/LED.o
 .text.LEDs_On  0x00000000       0x20 ./Sources/Common/LED.o
 .text.LEDs_Off
                0x00000000       0x20 ./Sources/Common/LED.o
 .text.LED_On_Off
                0x00000000       0x64 ./Sources/Common/LED.o
 .text.LED_Test
                0x00000000       0xbc ./Sources/Common/LED.o
 .debug_info    0x00000000      0x17e ./Sources/Common/LED.o
 .debug_abbrev  0x00000000       0xb0 ./Sources/Common/LED.o
 .debug_loc     0x00000000      0x120 ./Sources/Common/LED.o
 .debug_aranges
                0x00000000       0x48 ./Sources/Common/LED.o
 .debug_macinfo
                0x00000000    0x3b409 ./Sources/Common/LED.o
 .debug_line    0x00000000      0x3f4 ./Sources/Common/LED.o
 .debug_str     0x00000000      0x1b0 ./Sources/Common/LED.o
 .comment       0x00000000       0x7a ./Sources/Common/LED.o
 .ARM.attributes
                0x00000000       0x31 ./Sources/Common/LED.o
 .debug_frame   0x00000000       0xc0 ./Sources/Common/LED.o
 .text          0x00000000        0x0 ./Sources/LCD/s401.o
 .data          0x00000000        0x0 ./Sources/LCD/s401.o
 .bss           0x00000000        0x0 ./Sources/LCD/s401.o
 .text          0x00000000        0x0 ./Sources/LCD/LCD.o
 .data          0x00000000        0x0 ./Sources/LCD/LCD.o
 .bss           0x00000000        0x0 ./Sources/LCD/LCD.o
 .data.bflgLCD_Scroll
                0x00000000        0x1 ./Sources/LCD/LCD.o
 .text.print_slcd_registers
                0x00000000        0x8 ./Sources/LCD/LCD.o
 .text.vfnLCD_Init
                0x00000000       0x98 ./Sources/LCD/LCD.o
 .text.vfnEnablePins
                0x00000000       0xfc ./Sources/LCD/LCD.o
 .text.vfnSetBackplanes
                0x00000000       0x54 ./Sources/LCD/LCD.o
 .text.vfnBP_VScroll
                0x00000000       0xb8 ./Sources/LCD/LCD.o
 .text.vfnLCD_Home
                0x00000000       0x14 ./Sources/LCD/LCD.o
 .text.vfnLCD_Contrast
                0x00000000       0x38 ./Sources/LCD/LCD.o
 .text.vfnLCD_Write_MsgPlace
                0x00000000       0x50 ./Sources/LCD/LCD.o
 .text.vfnLCD_All_Segments_ON
                0x00000000       0x4c ./Sources/LCD/LCD.o
 .text.vfnLCD_All_Segments_Char
                0x00000000       0x64 ./Sources/LCD/LCD.o
 .text.vfnLCD_All_Segments_OFF
                0x00000000       0x4c ./Sources/LCD/LCD.o
 .text.PutPoint
                0x00000000       0x6c ./Sources/LCD/LCD.o
 .text.ClrPoint
                0x00000000       0x70 ./Sources/LCD/LCD.o
 .text.SetX     0x00000000       0x44 ./Sources/LCD/LCD.o
 .text.lcd_pinmux
                0x00000000       0xa4 ./Sources/LCD/LCD.o
 .text.vfnLCD_interrupt_init
                0x00000000        0x8 ./Sources/LCD/LCD.o
 .text.vfnLCD_isrv
                0x00000000        0xc ./Sources/LCD/LCD.o
 .data.LCD_TO_PORT
                0x00000000       0xf0 ./Sources/LCD/LCD.o
 .rodata.MASK_BIT
                0x00000000       0x80 ./Sources/LCD/LCD.o
 .text          0x00000000        0x0 ./Sources/sa_mtb.o
 .data          0x00000000        0x0 ./Sources/sa_mtb.o
 .bss           0x00000000        0x0 ./Sources/sa_mtb.o
 .debug_info    0x00000000       0x21 ./Sources/sa_mtb.o
 .debug_abbrev  0x00000000       0x12 ./Sources/sa_mtb.o
 .debug_aranges
                0x00000000       0x18 ./Sources/sa_mtb.o
 .debug_macinfo
                0x00000000     0x24d8 ./Sources/sa_mtb.o
 .debug_line    0x00000000       0xbb ./Sources/sa_mtb.o
 .debug_str     0x00000000       0x9d ./Sources/sa_mtb.o
 .comment       0x00000000       0x7a ./Sources/sa_mtb.o
 .ARM.attributes
                0x00000000       0x31 ./Sources/sa_mtb.o
 .text          0x00000000        0x0 ./Sources/daveApp.o
 .data          0x00000000        0x0 ./Sources/daveApp.o
 .bss           0x00000000        0x0 ./Sources/daveApp.o
 .text          0x00000000        0x0 ./Sources/ProcessorExpert.o
 .data          0x00000000        0x0 ./Sources/ProcessorExpert.o
 .bss           0x00000000        0x0 ./Sources/ProcessorExpert.o
 .text          0x00000000        0x0 ./Sources/Events.o
 .data          0x00000000        0x0 ./Sources/Events.o
 .bss           0x00000000        0x0 ./Sources/Events.o
 .text          0x00000000        0x0 D:/Programme/Freescale/CW10.5/CW MCU v10.5/MCU/ARM_GCC_Support/ewl/lib/armv6-m\libc.a(exit.o)
 .data          0x00000000        0x0 D:/Programme/Freescale/CW10.5/CW MCU v10.5/MCU/ARM_GCC_Support/ewl/lib/armv6-m\libc.a(exit.o)
 .bss           0x00000000        0x0 D:/Programme/Freescale/CW10.5/CW MCU v10.5/MCU/ARM_GCC_Support/ewl/lib/armv6-m\libc.a(exit.o)
 .text          0x00000000        0x0 D:/Programme/Freescale/CW10.5/CW MCU v10.5/MCU/ARM_GCC_Support/ewl/lib/armv6-m\libc.a(memcpy.o)
 .data          0x00000000        0x0 D:/Programme/Freescale/CW10.5/CW MCU v10.5/MCU/ARM_GCC_Support/ewl/lib/armv6-m\libc.a(memcpy.o)
 .bss           0x00000000        0x0 D:/Programme/Freescale/CW10.5/CW MCU v10.5/MCU/ARM_GCC_Support/ewl/lib/armv6-m\libc.a(memcpy.o)
 .text          0x00000000        0x0 D:/Programme/Freescale/CW10.5/CW MCU v10.5/MCU/ARM_GCC_Support/ewl/lib/armv6-m\libc.a(memset.o)
 .data          0x00000000        0x0 D:/Programme/Freescale/CW10.5/CW MCU v10.5/MCU/ARM_GCC_Support/ewl/lib/armv6-m\libc.a(memset.o)
 .bss           0x00000000        0x0 D:/Programme/Freescale/CW10.5/CW MCU v10.5/MCU/ARM_GCC_Support/ewl/lib/armv6-m\libc.a(memset.o)
 .text          0x00000000        0x0 D:/Programme/Freescale/CW10.5/CW MCU v10.5/MCU/ARM_GCC_Support/ewl/lib/armv6-m\libc.a(printformat_.o)
 .data          0x00000000        0x0 D:/Programme/Freescale/CW10.5/CW MCU v10.5/MCU/ARM_GCC_Support/ewl/lib/armv6-m\libc.a(printformat_.o)
 .bss           0x00000000        0x0 D:/Programme/Freescale/CW10.5/CW MCU v10.5/MCU/ARM_GCC_Support/ewl/lib/armv6-m\libc.a(printformat_.o)
 .text          0x00000000        0x0 D:/Programme/Freescale/CW10.5/CW MCU v10.5/MCU/ARM_GCC_Support/ewl/lib/armv6-m\libc.a(scanformat_.o)
 .data          0x00000000        0x0 D:/Programme/Freescale/CW10.5/CW MCU v10.5/MCU/ARM_GCC_Support/ewl/lib/armv6-m\libc.a(scanformat_.o)
 .bss           0x00000000        0x0 D:/Programme/Freescale/CW10.5/CW MCU v10.5/MCU/ARM_GCC_Support/ewl/lib/armv6-m\libc.a(scanformat_.o)
 .text          0x00000000        0x0 D:/Programme/Freescale/CW10.5/CW MCU v10.5/MCU/ARM_GCC_Support/ewl/lib/armv6-m\libc.a(ctype_aeabi.o)
 .data          0x00000000        0x0 D:/Programme/Freescale/CW10.5/CW MCU v10.5/MCU/ARM_GCC_Support/ewl/lib/armv6-m\libc.a(ctype_aeabi.o)
 .bss           0x00000000        0x0 D:/Programme/Freescale/CW10.5/CW MCU v10.5/MCU/ARM_GCC_Support/ewl/lib/armv6-m\libc.a(ctype_aeabi.o)
 .text.isalnum  0x00000000       0x1c D:/Programme/Freescale/CW10.5/CW MCU v10.5/MCU/ARM_GCC_Support/ewl/lib/armv6-m\libc.a(ctype_aeabi.o)
 .text.iscntrl  0x00000000       0x20 D:/Programme/Freescale/CW10.5/CW MCU v10.5/MCU/ARM_GCC_Support/ewl/lib/armv6-m\libc.a(ctype_aeabi.o)
 .text.isdigit  0x00000000        0xe D:/Programme/Freescale/CW10.5/CW MCU v10.5/MCU/ARM_GCC_Support/ewl/lib/armv6-m\libc.a(ctype_aeabi.o)
 .text.isgraph  0x00000000       0x1c D:/Programme/Freescale/CW10.5/CW MCU v10.5/MCU/ARM_GCC_Support/ewl/lib/armv6-m\libc.a(ctype_aeabi.o)
 .text.islower  0x00000000       0x20 D:/Programme/Freescale/CW10.5/CW MCU v10.5/MCU/ARM_GCC_Support/ewl/lib/armv6-m\libc.a(ctype_aeabi.o)
 .text.isprint  0x00000000       0x1c D:/Programme/Freescale/CW10.5/CW MCU v10.5/MCU/ARM_GCC_Support/ewl/lib/armv6-m\libc.a(ctype_aeabi.o)
 .text.ispunct  0x00000000       0x20 D:/Programme/Freescale/CW10.5/CW MCU v10.5/MCU/ARM_GCC_Support/ewl/lib/armv6-m\libc.a(ctype_aeabi.o)
 .text.isupper  0x00000000       0x20 D:/Programme/Freescale/CW10.5/CW MCU v10.5/MCU/ARM_GCC_Support/ewl/lib/armv6-m\libc.a(ctype_aeabi.o)
 .text.isxdigit
                0x00000000       0x20 D:/Programme/Freescale/CW10.5/CW MCU v10.5/MCU/ARM_GCC_Support/ewl/lib/armv6-m\libc.a(ctype_aeabi.o)
 .text.isblank  0x00000000       0x28 D:/Programme/Freescale/CW10.5/CW MCU v10.5/MCU/ARM_GCC_Support/ewl/lib/armv6-m\libc.a(ctype_aeabi.o)
 .text.tolower  0x00000000        0xe D:/Programme/Freescale/CW10.5/CW MCU v10.5/MCU/ARM_GCC_Support/ewl/lib/armv6-m\libc.a(ctype_aeabi.o)
 .text          0x00000000        0x0 D:/Programme/Freescale/CW10.5/CW MCU v10.5/MCU/ARM_GCC_Support/ewl/lib/armv6-m\libc.a(__strtoul.o)
 .data          0x00000000        0x0 D:/Programme/Freescale/CW10.5/CW MCU v10.5/MCU/ARM_GCC_Support/ewl/lib/armv6-m\libc.a(__strtoul.o)
 .bss           0x00000000        0x0 D:/Programme/Freescale/CW10.5/CW MCU v10.5/MCU/ARM_GCC_Support/ewl/lib/armv6-m\libc.a(__strtoul.o)
 .text          0x00000000        0x0 D:/Programme/Freescale/CW10.5/CW MCU v10.5/MCU/ARM_GCC_Support/ewl/lib/armv6-m\libc.a(__filll_mem.o)
 .data          0x00000000        0x0 D:/Programme/Freescale/CW10.5/CW MCU v10.5/MCU/ARM_GCC_Support/ewl/lib/armv6-m\libc.a(__filll_mem.o)
 .bss           0x00000000        0x0 D:/Programme/Freescale/CW10.5/CW MCU v10.5/MCU/ARM_GCC_Support/ewl/lib/armv6-m\libc.a(__filll_mem.o)
 .text          0x00000000        0x0 D:/Programme/Freescale/CW10.5/CW MCU v10.5/MCU/ARM_GCC_Support/ewl/lib/armv6-m\libc.a(memchr.o)
 .data          0x00000000        0x0 D:/Programme/Freescale/CW10.5/CW MCU v10.5/MCU/ARM_GCC_Support/ewl/lib/armv6-m\libc.a(memchr.o)
 .bss           0x00000000        0x0 D:/Programme/Freescale/CW10.5/CW MCU v10.5/MCU/ARM_GCC_Support/ewl/lib/armv6-m\libc.a(memchr.o)
 .text          0x00000000        0x0 D:/Programme/Freescale/CW10.5/CW MCU v10.5/MCU/ARM_GCC_Support/ewl/lib/armv6-m\libc.a(strchr.o)
 .data          0x00000000        0x0 D:/Programme/Freescale/CW10.5/CW MCU v10.5/MCU/ARM_GCC_Support/ewl/lib/armv6-m\libc.a(strchr.o)
 .bss           0x00000000        0x0 D:/Programme/Freescale/CW10.5/CW MCU v10.5/MCU/ARM_GCC_Support/ewl/lib/armv6-m\libc.a(strchr.o)
 .text          0x00000000        0x0 D:/Programme/Freescale/CW10.5/CW MCU v10.5/MCU/ARM_GCC_Support/ewl/lib/armv6-m\libc.a(strlen.o)
 .data          0x00000000        0x0 D:/Programme/Freescale/CW10.5/CW MCU v10.5/MCU/ARM_GCC_Support/ewl/lib/armv6-m\libc.a(strlen.o)
 .bss           0x00000000        0x0 D:/Programme/Freescale/CW10.5/CW MCU v10.5/MCU/ARM_GCC_Support/ewl/lib/armv6-m\libc.a(strlen.o)
 .data          0x00000000        0x0 d:/programme/freescale/cw10.5/cw mcu v10.5/cross_tools/arm-none-eabi-gcc-4_7_3/bin/../lib/gcc/arm-none-eabi/4.7.3/armv6-m\libgcc.a(_thumb1_case_sqi.o)
 .bss           0x00000000        0x0 d:/programme/freescale/cw10.5/cw mcu v10.5/cross_tools/arm-none-eabi-gcc-4_7_3/bin/../lib/gcc/arm-none-eabi/4.7.3/armv6-m\libgcc.a(_thumb1_case_sqi.o)
 .data          0x00000000        0x0 d:/programme/freescale/cw10.5/cw mcu v10.5/cross_tools/arm-none-eabi-gcc-4_7_3/bin/../lib/gcc/arm-none-eabi/4.7.3/armv6-m\libgcc.a(_thumb1_case_uqi.o)
 .bss           0x00000000        0x0 d:/programme/freescale/cw10.5/cw mcu v10.5/cross_tools/arm-none-eabi-gcc-4_7_3/bin/../lib/gcc/arm-none-eabi/4.7.3/armv6-m\libgcc.a(_thumb1_case_uqi.o)
 .data          0x00000000        0x0 d:/programme/freescale/cw10.5/cw mcu v10.5/cross_tools/arm-none-eabi-gcc-4_7_3/bin/../lib/gcc/arm-none-eabi/4.7.3/armv6-m\libgcc.a(_udivsi3.o)
 .bss           0x00000000        0x0 d:/programme/freescale/cw10.5/cw mcu v10.5/cross_tools/arm-none-eabi-gcc-4_7_3/bin/../lib/gcc/arm-none-eabi/4.7.3/armv6-m\libgcc.a(_udivsi3.o)
 .data          0x00000000        0x0 d:/programme/freescale/cw10.5/cw mcu v10.5/cross_tools/arm-none-eabi-gcc-4_7_3/bin/../lib/gcc/arm-none-eabi/4.7.3/armv6-m\libgcc.a(_divsi3.o)
 .bss           0x00000000        0x0 d:/programme/freescale/cw10.5/cw mcu v10.5/cross_tools/arm-none-eabi-gcc-4_7_3/bin/../lib/gcc/arm-none-eabi/4.7.3/armv6-m\libgcc.a(_divsi3.o)
 .data          0x00000000        0x0 d:/programme/freescale/cw10.5/cw mcu v10.5/cross_tools/arm-none-eabi-gcc-4_7_3/bin/../lib/gcc/arm-none-eabi/4.7.3/armv6-m\libgcc.a(_dvmd_tls.o)
 .bss           0x00000000        0x0 d:/programme/freescale/cw10.5/cw mcu v10.5/cross_tools/arm-none-eabi-gcc-4_7_3/bin/../lib/gcc/arm-none-eabi/4.7.3/armv6-m\libgcc.a(_dvmd_tls.o)
 .text          0x00000000        0x0 D:/Programme/Freescale/CW10.5/CW MCU v10.5/MCU/ARM_GCC_Support/ewl/lib/armv6-m\librt.a(gcc_ctor_dtor.o)
 .data          0x00000000        0x0 D:/Programme/Freescale/CW10.5/CW MCU v10.5/MCU/ARM_GCC_Support/ewl/lib/armv6-m\librt.a(gcc_ctor_dtor.o)
 .bss           0x00000000        0x0 D:/Programme/Freescale/CW10.5/CW MCU v10.5/MCU/ARM_GCC_Support/ewl/lib/armv6-m\librt.a(gcc_ctor_dtor.o)
 .bss.__dso_handle
                0x00000000        0x4 D:/Programme/Freescale/CW10.5/CW MCU v10.5/MCU/ARM_GCC_Support/ewl/lib/armv6-m\librt.a(gcc_ctor_dtor.o)
 .text          0x00000000        0x0 D:/Programme/Freescale/CW10.5/CW MCU v10.5/MCU/ARM_GCC_Support/ewl/lib/armv6-m\librt.a(ROMCopy.o)
 .data          0x00000000        0x0 D:/Programme/Freescale/CW10.5/CW MCU v10.5/MCU/ARM_GCC_Support/ewl/lib/armv6-m\librt.a(ROMCopy.o)
 .bss           0x00000000        0x0 D:/Programme/Freescale/CW10.5/CW MCU v10.5/MCU/ARM_GCC_Support/ewl/lib/armv6-m\librt.a(ROMCopy.o)
 .text.__flush_cache
                0x00000000        0x2 D:/Programme/Freescale/CW10.5/CW MCU v10.5/MCU/ARM_GCC_Support/ewl/lib/armv6-m\librt.a(ROMCopy.o)
 .text          0x00000000        0x0 D:/Programme/Freescale/CW10.5/CW MCU v10.5/MCU/ARM_GCC_Support/ewl/lib/armv6-m\librt.a(__arm_eabi_init.o)
 .data          0x00000000        0x0 D:/Programme/Freescale/CW10.5/CW MCU v10.5/MCU/ARM_GCC_Support/ewl/lib/armv6-m\librt.a(__arm_eabi_init.o)
 .bss           0x00000000        0x0 D:/Programme/Freescale/CW10.5/CW MCU v10.5/MCU/ARM_GCC_Support/ewl/lib/armv6-m\librt.a(__arm_eabi_init.o)
 .text.__register_global_object
                0x00000000       0x14 D:/Programme/Freescale/CW10.5/CW MCU v10.5/MCU/ARM_GCC_Support/ewl/lib/armv6-m\librt.a(__arm_eabi_init.o)
 .text.__cxa_atexit
                0x00000000       0x38 D:/Programme/Freescale/CW10.5/CW MCU v10.5/MCU/ARM_GCC_Support/ewl/lib/armv6-m\librt.a(__arm_eabi_init.o)
 .text.__aeabi_atexit
                0x00000000        0xe D:/Programme/Freescale/CW10.5/CW MCU v10.5/MCU/ARM_GCC_Support/ewl/lib/armv6-m\librt.a(__arm_eabi_init.o)
 .text.__register_atexit
                0x00000000        0xc D:/Programme/Freescale/CW10.5/CW MCU v10.5/MCU/ARM_GCC_Support/ewl/lib/armv6-m\librt.a(__arm_eabi_init.o)
 .text.__init_hardware
                0x00000000        0x4 D:/Programme/Freescale/CW10.5/CW MCU v10.5/MCU/ARM_GCC_Support/ewl/lib/armv6-m\librt.a(__arm_eabi_init.o)
 .bss.atexit_curr_func
                0x00000000        0x4 D:/Programme/Freescale/CW10.5/CW MCU v10.5/MCU/ARM_GCC_Support/ewl/lib/armv6-m\librt.a(__arm_eabi_init.o)
 .bss.atexit_funcs
                0x00000000      0x300 D:/Programme/Freescale/CW10.5/CW MCU v10.5/MCU/ARM_GCC_Support/ewl/lib/armv6-m\librt.a(__arm_eabi_init.o)

Memory Configuration

Name             Origin             Length             Attributes
m_interrupts     0x00000000         0x000000c0         xr
m_text           0x00000410         0x0003fbf0         xr
m_data           0x1fffe000         0x00008000         rw
m_cfmprotrom     0x00000400         0x00000010         xr
*default*        0x00000000         0xffffffff

Linker script and memory map

LOAD ./Generated_Code/WAIT1.o
LOAD ./Generated_Code/Vectors.o
LOAD ./Generated_Code/SegLCD1.o
LOAD ./Generated_Code/PE_LDD.o
LOAD ./Generated_Code/LEDpin2.o
LOAD ./Generated_Code/LEDpin1.o
LOAD ./Generated_Code/LED2.o
LOAD ./Generated_Code/LED1.o
LOAD ./Generated_Code/Cpu.o
LOAD ./Generated_Code/BitIoLdd2.o
LOAD ./Generated_Code/BitIoLdd1.o
LOAD ./Project_Settings/Startup_Code/__arm_start.o
LOAD ./Project_Settings/Startup_Code/__arm_end.o
LOAD ./Sources/Common/platform.o
LOAD ./Sources/Common/application.o
LOAD ./Sources/Common/LED.o
LOAD ./Sources/LCD/s401.o
LOAD ./Sources/LCD/LCD.o
LOAD ./Sources/sa_mtb.o
LOAD ./Sources/daveApp.o
LOAD ./Sources/ProcessorExpert.o
LOAD ./Sources/Events.o
                0x00001200                __pformatter = __pformatter_
                [0x00001628]                __sformatter = __sformatter
START GROUP
LOAD D:/Programme/Freescale/CW10.5/CW MCU v10.5/MCU/ARM_GCC_Support/ewl/lib/armv6-m\libc.a
LOAD D:/Programme/Freescale/CW10.5/CW MCU v10.5/MCU/ARM_GCC_Support/ewl/lib/armv6-m\libm.a
LOAD d:/programme/freescale/cw10.5/cw mcu v10.5/cross_tools/arm-none-eabi-gcc-4_7_3/bin/../lib/gcc/arm-none-eabi/4.7.3/armv6-m\libgcc.a
LOAD D:/Programme/Freescale/CW10.5/CW MCU v10.5/MCU/ARM_GCC_Support/ewl/lib/armv6-m\librt.a
LOAD D:/Programme/Freescale/CW10.5/CW MCU v10.5/MCU/ARM_GCC_Support/ewl/lib/armv6-m\libuart.a
END GROUP
                0x20006000                _estack = 0x20006000
                0x20006000                __SP_INIT = _estack
                0x00000000                __heap_size = 0x0
                0x00000400                __stack_size = 0x400

.interrupts     0x00000000       0xc0
                0x00000000                __vector_table = .
                0x00000000                . = ALIGN (0x4)
 *(.vectortable)
 .vectortable   0x00000000       0xc0 ./Generated_Code/Vectors.o
                0x00000000                __vect_table
                0x000000c0                . = ALIGN (0x4)

.cfmprotect     0x00000400       0x10
                0x00000400                . = ALIGN (0x4)
 *(.cfmconfig)
 .cfmconfig     0x00000400       0x10 ./Generated_Code/Cpu.o
                0x00000400                _cfm
                0x00000410                . = ALIGN (0x4)

.text           0x00000410     0x1e54
                0x00000410                . = ALIGN (0x4)
 *(.text)
 .text          0x00000410       0x14 d:/programme/freescale/cw10.5/cw mcu v10.5/cross_tools/arm-none-eabi-gcc-4_7_3/bin/../lib/gcc/arm-none-eabi/4.7.3/armv6-m\libgcc.a(_thumb1_case_sqi.o)
                0x00000410                __gnu_thumb1_case_sqi
 .text          0x00000424       0x14 d:/programme/freescale/cw10.5/cw mcu v10.5/cross_tools/arm-none-eabi-gcc-4_7_3/bin/../lib/gcc/arm-none-eabi/4.7.3/armv6-m\libgcc.a(_thumb1_case_uqi.o)
                0x00000424                __gnu_thumb1_case_uqi
 .text          0x00000438       0x9c d:/programme/freescale/cw10.5/cw mcu v10.5/cross_tools/arm-none-eabi-gcc-4_7_3/bin/../lib/gcc/arm-none-eabi/4.7.3/armv6-m\libgcc.a(_udivsi3.o)
                0x00000438                __aeabi_uidiv
                0x00000438                __udivsi3
                0x000004c0                __aeabi_uidivmod
 .text          0x000004d4       0xc0 d:/programme/freescale/cw10.5/cw mcu v10.5/cross_tools/arm-none-eabi-gcc-4_7_3/bin/../lib/gcc/arm-none-eabi/4.7.3/armv6-m\libgcc.a(_divsi3.o)
                0x000004d4                __divsi3
                0x000004d4                __aeabi_idiv
                0x00000580                __aeabi_idivmod
 .text          0x00000594        0x4 d:/programme/freescale/cw10.5/cw mcu v10.5/cross_tools/arm-none-eabi-gcc-4_7_3/bin/../lib/gcc/arm-none-eabi/4.7.3/armv6-m\libgcc.a(_dvmd_tls.o)
                0x00000594                __aeabi_idiv0
                0x00000594                __aeabi_ldiv0
 *(.text*)
 .text.WAIT1_Wait10Cycles
                0x00000598        0x8 ./Generated_Code/WAIT1.o
                0x00000598                WAIT1_Wait10Cycles
 .text.WAIT1_Wait100Cycles
                0x000005a0       0x18 ./Generated_Code/WAIT1.o
                0x000005a0                WAIT1_Wait100Cycles
 .text.WAIT1_WaitCycles
                0x000005b8       0x44 ./Generated_Code/WAIT1.o
                0x000005b8                WAIT1_WaitCycles
 .text.WAIT1_WaitLongCycles
                0x000005fc       0x3c ./Generated_Code/WAIT1.o
                0x000005fc                WAIT1_WaitLongCycles
 .text.WAIT1_Waitms
                0x00000638       0x38 ./Generated_Code/WAIT1.o
                0x00000638                WAIT1_Waitms
 .text.SegLCD1_Init
                0x00000670      0x1ac ./Generated_Code/SegLCD1.o
                0x00000670                SegLCD1_Init
 .text.Cpu_INT_NMIInterrupt
                0x0000081c        0xc ./Generated_Code/Cpu.o
                0x0000081c                Cpu_INT_NMIInterrupt
 .text.Cpu_Interrupt
                0x00000828        0xc ./Generated_Code/Cpu.o
                0x00000828                Cpu_Interrupt
 .text.__init_hardware
                0x00000834      0x118 ./Generated_Code/Cpu.o
                0x00000834                __init_hardware
 .text.PE_low_level_init
                0x0000094c       0xf4 ./Generated_Code/Cpu.o
                0x0000094c                PE_low_level_init
 .text.BitIoLdd2_Init
                0x00000a40       0x68 ./Generated_Code/BitIoLdd2.o
                0x00000a40                BitIoLdd2_Init
 .text.BitIoLdd2_SetVal
                0x00000aa8       0x1c ./Generated_Code/BitIoLdd2.o
                0x00000aa8                BitIoLdd2_SetVal
 .text.BitIoLdd1_Init
                0x00000ac4       0x60 ./Generated_Code/BitIoLdd1.o
                0x00000ac4                BitIoLdd1_Init
 .text.BitIoLdd1_SetVal
                0x00000b24       0x18 ./Generated_Code/BitIoLdd1.o
                0x00000b24                BitIoLdd1_SetVal
 .text.zero_fill_bss
                0x00000b3c       0x24 ./Project_Settings/Startup_Code/__arm_start.o
 .text.__thumb_startup
                0x00000b60       0x30 ./Project_Settings/Startup_Code/__arm_start.o
                0x00000b60                __thumb_startup
 .text._ExitProcess
                0x00000b90        0xc ./Project_Settings/Startup_Code/__arm_end.o
                0x00000b90                _ExitProcess
 .text.vfnLCD_Write_Msg
                0x00000b9c       0x88 ./Sources/LCD/LCD.o
                0x00000b9c                vfnLCD_Write_Msg
 .text.vfnLCD_Write_Char
                0x00000c24      0x120 ./Sources/LCD/LCD.o
                0x00000c24                vfnLCD_Write_Char
 .text.daveMain
                0x00000d44       0x34 ./Sources/daveApp.o
                0x00000d44                daveMain
 .text.LCDstart
                0x00000d78       0xc0 ./Sources/daveApp.o
                0x00000d78                LCDstart
 .text.writeInt
                0x00000e38      0x1bc ./Sources/daveApp.o
                0x00000e38                writeInt
 .text.main     0x00000ff4       0x10 ./Sources/ProcessorExpert.o
                0x00000ff4                main
 .text.Cpu_OnNMIINT
                0x00001004        0x8 ./Sources/Events.o
                0x00001004                Cpu_OnNMIINT
 .text.exit     0x0000100c       0x38 D:/Programme/Freescale/CW10.5/CW MCU v10.5/MCU/ARM_GCC_Support/ewl/lib/armv6-m\libc.a(exit.o)
                0x0000100c                exit
 .text.memcpy   0x00001044       0x12 D:/Programme/Freescale/CW10.5/CW MCU v10.5/MCU/ARM_GCC_Support/ewl/lib/armv6-m\libc.a(memcpy.o)
                0x00001044                memcpy
 .text.memset   0x00001056        0xc D:/Programme/Freescale/CW10.5/CW MCU v10.5/MCU/ARM_GCC_Support/ewl/lib/armv6-m\libc.a(memset.o)
                0x00001056                memset
 *fill*         0x00001062        0x2 00
 .text.long2str.isra.0
                0x00001064      0x19c D:/Programme/Freescale/CW10.5/CW MCU v10.5/MCU/ARM_GCC_Support/ewl/lib/armv6-m\libc.a(printformat_.o)
 .text.__pformatter_
                0x00001200      0x428 D:/Programme/Freescale/CW10.5/CW MCU v10.5/MCU/ARM_GCC_Support/ewl/lib/armv6-m\libc.a(printformat_.o)
                0x00001200                __pformatter_
 .text.__sformatter
                0x00001628      0x698 D:/Programme/Freescale/CW10.5/CW MCU v10.5/MCU/ARM_GCC_Support/ewl/lib/armv6-m\libc.a(scanformat_.o)
                0x00001628                __sformatter
 .text.isalpha  0x00001cc0       0x20 D:/Programme/Freescale/CW10.5/CW MCU v10.5/MCU/ARM_GCC_Support/ewl/lib/armv6-m\libc.a(ctype_aeabi.o)
                0x00001cc0                isalpha
 .text.isspace  0x00001ce0       0x20 D:/Programme/Freescale/CW10.5/CW MCU v10.5/MCU/ARM_GCC_Support/ewl/lib/armv6-m\libc.a(ctype_aeabi.o)
                0x00001ce0                isspace
 .text.toupper  0x00001d00        0xe D:/Programme/Freescale/CW10.5/CW MCU v10.5/MCU/ARM_GCC_Support/ewl/lib/armv6-m\libc.a(ctype_aeabi.o)
                0x00001d00                toupper
 .text.__strtoul
                0x00001d0e      0x1ce D:/Programme/Freescale/CW10.5/CW MCU v10.5/MCU/ARM_GCC_Support/ewl/lib/armv6-m\libc.a(__strtoul.o)
                0x00001d0e                __strtoul
 .text.__fill_mem
                0x00001edc       0x7e D:/Programme/Freescale/CW10.5/CW MCU v10.5/MCU/ARM_GCC_Support/ewl/lib/armv6-m\libc.a(__filll_mem.o)
                0x00001edc                __fill_mem
 .text.memchr   0x00001f5a       0x1a D:/Programme/Freescale/CW10.5/CW MCU v10.5/MCU/ARM_GCC_Support/ewl/lib/armv6-m\libc.a(memchr.o)
                0x00001f5a                memchr
 .text.strchr   0x00001f74       0x1e D:/Programme/Freescale/CW10.5/CW MCU v10.5/MCU/ARM_GCC_Support/ewl/lib/armv6-m\libc.a(strchr.o)
                0x00001f74                strchr
 .text.strlen   0x00001f92       0x10 D:/Programme/Freescale/CW10.5/CW MCU v10.5/MCU/ARM_GCC_Support/ewl/lib/armv6-m\libc.a(strlen.o)
                0x00001f92                strlen
 *fill*         0x00001fa2        0x2 00
 .text.__init_cpp
                0x00001fa4       0x48 D:/Programme/Freescale/CW10.5/CW MCU v10.5/MCU/ARM_GCC_Support/ewl/lib/armv6-m\librt.a(gcc_ctor_dtor.o)
                0x00001fa4                __init_cpp
 .text.__fini_cpp
                0x00001fec       0x34 D:/Programme/Freescale/CW10.5/CW MCU v10.5/MCU/ARM_GCC_Support/ewl/lib/armv6-m\librt.a(gcc_ctor_dtor.o)
                0x00001fec                __fini_cpp
 .text.__copy_rom_section
                0x00002020       0x48 D:/Programme/Freescale/CW10.5/CW MCU v10.5/MCU/ARM_GCC_Support/ewl/lib/armv6-m\librt.a(ROMCopy.o)
                0x00002020                __copy_rom_section
 .text.__copy_rom_sections_to_ram
                0x00002068       0x34 D:/Programme/Freescale/CW10.5/CW MCU v10.5/MCU/ARM_GCC_Support/ewl/lib/armv6-m\librt.a(ROMCopy.o)
                0x00002068                __copy_rom_sections_to_ram
 .text.__destroy_global_chain
                0x0000209c       0x1c D:/Programme/Freescale/CW10.5/CW MCU v10.5/MCU/ARM_GCC_Support/ewl/lib/armv6-m\librt.a(__arm_eabi_init.o)
                0x0000209c                __destroy_global_chain
 .text.__init_registers
                0x000020b8       0x1c D:/Programme/Freescale/CW10.5/CW MCU v10.5/MCU/ARM_GCC_Support/ewl/lib/armv6-m\librt.a(__arm_eabi_init.o)
                0x000020b8                __init_registers
 .text.__init_user
                0x000020d4        0x4 D:/Programme/Freescale/CW10.5/CW MCU v10.5/MCU/ARM_GCC_Support/ewl/lib/armv6-m\librt.a(__arm_eabi_init.o)
                0x000020d4                __init_user
 *(.rodata)
 .rodata        0x000020d8       0x10 ./Sources/daveApp.o
 *(.rodata*)
 .rodata.WF_ORDERING_TABLE
                0x000020e8        0xc ./Sources/LCD/s401.o
                0x000020e8                WF_ORDERING_TABLE
 .rodata.ASCII_TO_WF_CODIFICATION_TABLE
                0x000020f4       0x64 ./Sources/LCD/s401.o
                0x000020f4                ASCII_TO_WF_CODIFICATION_TABLE
 .rodata.str1.1
                0x00002158        0x1 D:/Programme/Freescale/CW10.5/CW MCU v10.5/MCU/ARM_GCC_Support/ewl/lib/armv6-m\libc.a(printformat_.o)
 .rodata.CSWTCH.20
                0x00002159        0x5 D:/Programme/Freescale/CW10.5/CW MCU v10.5/MCU/ARM_GCC_Support/ewl/lib/armv6-m\libc.a(printformat_.o)
 .rodata.CSWTCH.21
                0x0000215e        0x5 D:/Programme/Freescale/CW10.5/CW MCU v10.5/MCU/ARM_GCC_Support/ewl/lib/armv6-m\libc.a(printformat_.o)
 .rodata.__aeabi_ctype_table_C
                0x00002163      0x101 D:/Programme/Freescale/CW10.5/CW MCU v10.5/MCU/ARM_GCC_Support/ewl/lib/armv6-m\libc.a(ctype_aeabi.o)
                0x00002163                __aeabi_ctype_table_C
 *(.glue_7)
 .glue_7        0x00000000        0x0 linker stubs
 *(.glue_7t)
 .glue_7t       0x00000000        0x0 linker stubs
 *(.eh_frame)
 *(.init)
 *(.fini)
                0x00002264                . = ALIGN (0x4)
                0x00002264                _etext = .

.vfp11_veneer   0x00002264        0x0
 .vfp11_veneer  0x00000000        0x0 linker stubs

.v4_bx          0x00002264        0x0
 .v4_bx         0x00000000        0x0 linker stubs

.iplt           0x00002264        0x0
 .iplt          0x00000000        0x0 ./Generated_Code/WAIT1.o

.rel.dyn        0x00002264        0x0
 .rel.iplt      0x00000000        0x0 ./Generated_Code/WAIT1.o

.ARM.extab
 *(.ARM.extab* .gnu.linkonce.armextab.*)

.ARM            0x00002264        0x0
                0x00002264                __exidx_start = .
 *(.ARM.exidx*)
                0x00002264                __exidx_end = .

.ctors          0x00002264        0x0
                0x00002264                __CTOR_LIST__ = .
 *crtbegin.o(.ctors)
 *(EXCLUDE_FILE(*crtend.o) .ctors)
 *(SORT(.ctors.*))
 *(.ctors)
                0x00002264                __CTOR_END__ = .

.dtors          0x00002264        0x0
                0x00002264                __DTOR_LIST__ = .
 *crtbegin.o(.dtors)
 *(EXCLUDE_FILE(*crtend.o) .dtors)
 *(SORT(.dtors.*))
 *(.dtors)
                0x00002264                __DTOR_END__ = .

.preinit_array  0x00002264        0x0
                0x00002264                PROVIDE (__preinit_array_start, .)
 *(.preinit_array*)
                0x00002264                PROVIDE (__preinit_array_end, .)

.init_array     0x00002264        0x0
                0x00002264                PROVIDE (__init_array_start, .)
 *(SORT(.init_array.*))
 *(.init_array*)
                0x00002264                PROVIDE (__init_array_end, .)

.fini_array     0x00002264        0x0
                0x00002264                PROVIDE (__fini_array_start, .)
 *(SORT(.fini_array.*))
 *(.fini_array*)
                0x00002264                PROVIDE (__fini_array_end, .)
                0x00002264                ___ROM_AT = .

.mtb            0x1fffe000        0x0
                0x1fffe000                . = ALIGN (0x8)
                0x1fffe000                _mtb_start = .
 *(.mtb_buf)
                0x1fffe000                . = ALIGN (0x8)
                0x1fffe000                _mtb_end = .

.data           0x1fffe000        0x0 load address 0x00002264
                0x1fffe000                . = ALIGN (0x4)
                0x1fffe000                _sdata = .
 *(.data)
 *(.data*)
                0x1fffe000                . = ALIGN (0x4)
                0x1fffe000                _edata = .
                0x00000000                ___data_size = (_edata - _sdata)

.igot.plt       0x1fffe000        0x0
 .igot.plt      0x00000000        0x0 ./Generated_Code/WAIT1.o
                0x1fffe000                . = ALIGN (0x4)

.bss            0x1fffe000       0x58
                0x1fffe000                __START_BSS = .
                0x1fffe000                PROVIDE (__bss_start__, __START_BSS)
 *(.bss)
 *(.bss*)
 .bss.DeviceDataPrv__DEFAULT_RTOS_ALLOC
                0x1fffe000        0x4 ./Generated_Code/SegLCD1.o
 .bss.PE_LDD_DeviceDataList
                0x1fffe004        0xc ./Generated_Code/PE_LDD.o
                0x1fffe004                PE_LDD_DeviceDataList
 .bss.DeviceDataPrv__DEFAULT_RTOS_ALLOC
                0x1fffe010        0x4 ./Generated_Code/BitIoLdd2.o
 .bss.DeviceDataPrv__DEFAULT_RTOS_ALLOC
                0x1fffe014        0x4 ./Generated_Code/BitIoLdd1.o
 .bss.argv      0x1fffe018        0x4 ./Project_Settings/Startup_Code/__arm_start.o
 .bss.__stdio_exit
                0x1fffe01c        0x4 D:/Programme/Freescale/CW10.5/CW MCU v10.5/MCU/ARM_GCC_Support/ewl/lib/armv6-m\libc.a(exit.o)
                0x1fffe01c                __stdio_exit
 .bss.__console_exit
                0x1fffe020        0x4 D:/Programme/Freescale/CW10.5/CW MCU v10.5/MCU/ARM_GCC_Support/ewl/lib/armv6-m\libc.a(exit.o)
                0x1fffe020                __console_exit
 .bss.__S_romp  0x1fffe024        0xc D:/Programme/Freescale/CW10.5/CW MCU v10.5/MCU/ARM_GCC_Support/ewl/lib/armv6-m\librt.a(ROMCopy.o)
 .bss.__global_destructor_chain
                0x1fffe030        0x4 D:/Programme/Freescale/CW10.5/CW MCU v10.5/MCU/ARM_GCC_Support/ewl/lib/armv6-m\librt.a(__arm_eabi_init.o)
                0x1fffe030                __global_destructor_chain
 *(COMMON)
 COMMON         0x1fffe034       0x24 ./Sources/LCD/LCD.o
                0x1fffe034                bLCD_CharPosition
                0x1fffe035                lcd_alternate_mode
                0x1fffe038                lcdBuffer
                0x1fffe058                . = ALIGN (0x4)
                0x1fffe058                __END_BSS = .
                0x1fffe058                PROVIDE (__bss_end__, __END_BSS)
                0x00002264                _romp_at = (___ROM_AT + SIZEOF (.data))

.romp           0x1fffe058       0x18 load address 0x00002264
                0x00002264                __S_romp = _romp_at
                0x1fffe058        0x4 LONG 0x2264 ___ROM_AT
                0x1fffe05c        0x4 LONG 0x1fffe000 _sdata
                0x1fffe060        0x4 LONG 0x0 ___data_size
                0x1fffe064        0x4 LONG 0x0
                0x1fffe068        0x4 LONG 0x0
                0x1fffe06c        0x4 LONG 0x0

._user_heap_stack
                0x1fffe070      0x400 load address 0x0000227c
                0x1fffe070                . = ALIGN (0x4)
                0x1fffe070                PROVIDE (end, .)
                0x1fffe070                PROVIDE (_end, .)
                0x1fffe070                __heap_addr = .
                0x1fffe070                . = (. + __heap_size)
                0x1fffe470                . = (. + __stack_size)
 *fill*         0x1fffe070      0x400 00
                0x1fffe470                . = ALIGN (0x4)

.ARM.attributes
                0x00000000       0x31
 *(.ARM.attributes)
 .ARM.attributes
                0x00000000       0x31 ./Generated_Code/WAIT1.o
 .ARM.attributes
                0x00000031       0x31 ./Generated_Code/Vectors.o
 .ARM.attributes
                0x00000062       0x31 ./Generated_Code/SegLCD1.o
 .ARM.attributes
                0x00000093       0x31 ./Generated_Code/PE_LDD.o
 .ARM.attributes
                0x000000c4       0x31 ./Generated_Code/Cpu.o
 .ARM.attributes
                0x000000f5       0x31 ./Generated_Code/BitIoLdd2.o
 .ARM.attributes
                0x00000126       0x31 ./Generated_Code/BitIoLdd1.o
 .ARM.attributes
                0x00000157       0x31 ./Project_Settings/Startup_Code/__arm_start.o
 .ARM.attributes
                0x00000188       0x31 ./Project_Settings/Startup_Code/__arm_end.o
 .ARM.attributes
                0x000001b9       0x31 ./Sources/LCD/s401.o
 .ARM.attributes
                0x000001ea       0x31 ./Sources/LCD/LCD.o
 .ARM.attributes
                0x0000021b       0x31 ./Sources/daveApp.o
 .ARM.attributes
                0x0000024c       0x31 ./Sources/ProcessorExpert.o
 .ARM.attributes
                0x0000027d       0x31 ./Sources/Events.o
 .ARM.attributes
                0x000002ae       0x31 D:/Programme/Freescale/CW10.5/CW MCU v10.5/MCU/ARM_GCC_Support/ewl/lib/armv6-m\libc.a(exit.o)
 .ARM.attributes
                0x000002df       0x31 D:/Programme/Freescale/CW10.5/CW MCU v10.5/MCU/ARM_GCC_Support/ewl/lib/armv6-m\libc.a(memcpy.o)
 .ARM.attributes
                0x00000310       0x31 D:/Programme/Freescale/CW10.5/CW MCU v10.5/MCU/ARM_GCC_Support/ewl/lib/armv6-m\libc.a(memset.o)
 .ARM.attributes
                0x00000341       0x31 D:/Programme/Freescale/CW10.5/CW MCU v10.5/MCU/ARM_GCC_Support/ewl/lib/armv6-m\libc.a(printformat_.o)
 .ARM.attributes
                0x00000372       0x31 D:/Programme/Freescale/CW10.5/CW MCU v10.5/MCU/ARM_GCC_Support/ewl/lib/armv6-m\libc.a(scanformat_.o)
 .ARM.attributes
                0x000003a3       0x31 D:/Programme/Freescale/CW10.5/CW MCU v10.5/MCU/ARM_GCC_Support/ewl/lib/armv6-m\libc.a(ctype_aeabi.o)
 .ARM.attributes
                0x000003d4       0x31 D:/Programme/Freescale/CW10.5/CW MCU v10.5/MCU/ARM_GCC_Support/ewl/lib/armv6-m\libc.a(__strtoul.o)
 .ARM.attributes
                0x00000405       0x31 D:/Programme/Freescale/CW10.5/CW MCU v10.5/MCU/ARM_GCC_Support/ewl/lib/armv6-m\libc.a(__filll_mem.o)
 .ARM.attributes
                0x00000436       0x31 D:/Programme/Freescale/CW10.5/CW MCU v10.5/MCU/ARM_GCC_Support/ewl/lib/armv6-m\libc.a(memchr.o)
 .ARM.attributes
                0x00000467       0x31 D:/Programme/Freescale/CW10.5/CW MCU v10.5/MCU/ARM_GCC_Support/ewl/lib/armv6-m\libc.a(strchr.o)
 .ARM.attributes
                0x00000498       0x31 D:/Programme/Freescale/CW10.5/CW MCU v10.5/MCU/ARM_GCC_Support/ewl/lib/armv6-m\libc.a(strlen.o)
 .ARM.attributes
                0x000004c9       0x1e d:/programme/freescale/cw10.5/cw mcu v10.5/cross_tools/arm-none-eabi-gcc-4_7_3/bin/../lib/gcc/arm-none-eabi/4.7.3/armv6-m\libgcc.a(_thumb1_case_sqi.o)
 .ARM.attributes
                0x000004e7       0x1e d:/programme/freescale/cw10.5/cw mcu v10.5/cross_tools/arm-none-eabi-gcc-4_7_3/bin/../lib/gcc/arm-none-eabi/4.7.3/armv6-m\libgcc.a(_thumb1_case_uqi.o)
 .ARM.attributes
                0x00000505       0x1e d:/programme/freescale/cw10.5/cw mcu v10.5/cross_tools/arm-none-eabi-gcc-4_7_3/bin/../lib/gcc/arm-none-eabi/4.7.3/armv6-m\libgcc.a(_udivsi3.o)
 .ARM.attributes
                0x00000523       0x1e d:/programme/freescale/cw10.5/cw mcu v10.5/cross_tools/arm-none-eabi-gcc-4_7_3/bin/../lib/gcc/arm-none-eabi/4.7.3/armv6-m\libgcc.a(_divsi3.o)
 .ARM.attributes
                0x00000541       0x1e d:/programme/freescale/cw10.5/cw mcu v10.5/cross_tools/arm-none-eabi-gcc-4_7_3/bin/../lib/gcc/arm-none-eabi/4.7.3/armv6-m\libgcc.a(_dvmd_tls.o)
 .ARM.attributes
                0x0000055f       0x31 D:/Programme/Freescale/CW10.5/CW MCU v10.5/MCU/ARM_GCC_Support/ewl/lib/armv6-m\librt.a(gcc_ctor_dtor.o)
 .ARM.attributes
                0x00000590       0x31 D:/Programme/Freescale/CW10.5/CW MCU v10.5/MCU/ARM_GCC_Support/ewl/lib/armv6-m\librt.a(ROMCopy.o)
 .ARM.attributes
                0x000005c1       0x31 D:/Programme/Freescale/CW10.5/CW MCU v10.5/MCU/ARM_GCC_Support/ewl/lib/armv6-m\librt.a(__arm_eabi_init.o)
OUTPUT(FRDM_Dave.elf elf32-littlearm)

.debug_info     0x00000000     0x47ea
 .debug_info    0x00000000      0x135 ./Generated_Code/WAIT1.o
 .debug_info    0x00000135      0x104 ./Generated_Code/Vectors.o
 .debug_info    0x00000239      0x74d ./Generated_Code/SegLCD1.o
 .debug_info    0x00000986      0x24e ./Generated_Code/PE_LDD.o
 .debug_info    0x00000bd4      0x905 ./Generated_Code/Cpu.o
 .debug_info    0x000014d9      0x38b ./Generated_Code/BitIoLdd2.o
 .debug_info    0x00001864      0x38b ./Generated_Code/BitIoLdd1.o
 .debug_info    0x00001bef      0x12a ./Project_Settings/Startup_Code/__arm_start.o
 .debug_info    0x00001d19       0x54 ./Project_Settings/Startup_Code/__arm_end.o
 .debug_info    0x00001d6d       0xcf ./Sources/LCD/s401.o
 .debug_info    0x00001e3c      0xa72 ./Sources/LCD/LCD.o
 .debug_info    0x000028ae      0x20a ./Sources/daveApp.o
 .debug_info    0x00002ab8       0x8f ./Sources/ProcessorExpert.o
 .debug_info    0x00002b47       0x8b ./Sources/Events.o
 .debug_info    0x00002bd2       0xe8 D:/Programme/Freescale/CW10.5/CW MCU v10.5/MCU/ARM_GCC_Support/ewl/lib/armv6-m\libc.a(exit.o)
 .debug_info    0x00002cba      0x10f D:/Programme/Freescale/CW10.5/CW MCU v10.5/MCU/ARM_GCC_Support/ewl/lib/armv6-m\libc.a(memcpy.o)
 .debug_info    0x00002dc9       0xec D:/Programme/Freescale/CW10.5/CW MCU v10.5/MCU/ARM_GCC_Support/ewl/lib/armv6-m\libc.a(memset.o)
 .debug_info    0x00002eb5      0x50d D:/Programme/Freescale/CW10.5/CW MCU v10.5/MCU/ARM_GCC_Support/ewl/lib/armv6-m\libc.a(printformat_.o)
 .debug_info    0x000033c2      0x568 D:/Programme/Freescale/CW10.5/CW MCU v10.5/MCU/ARM_GCC_Support/ewl/lib/armv6-m\libc.a(scanformat_.o)
 .debug_info    0x0000392a      0x313 D:/Programme/Freescale/CW10.5/CW MCU v10.5/MCU/ARM_GCC_Support/ewl/lib/armv6-m\libc.a(ctype_aeabi.o)
 .debug_info    0x00003c3d      0x1d6 D:/Programme/Freescale/CW10.5/CW MCU v10.5/MCU/ARM_GCC_Support/ewl/lib/armv6-m\libc.a(__strtoul.o)
 .debug_info    0x00003e13      0x137 D:/Programme/Freescale/CW10.5/CW MCU v10.5/MCU/ARM_GCC_Support/ewl/lib/armv6-m\libc.a(__filll_mem.o)
 .debug_info    0x00003f4a      0x121 D:/Programme/Freescale/CW10.5/CW MCU v10.5/MCU/ARM_GCC_Support/ewl/lib/armv6-m\libc.a(memchr.o)
 .debug_info    0x0000406b      0x10b D:/Programme/Freescale/CW10.5/CW MCU v10.5/MCU/ARM_GCC_Support/ewl/lib/armv6-m\libc.a(strchr.o)
 .debug_info    0x00004176       0xea D:/Programme/Freescale/CW10.5/CW MCU v10.5/MCU/ARM_GCC_Support/ewl/lib/armv6-m\libc.a(strlen.o)
 .debug_info    0x00004260      0x136 D:/Programme/Freescale/CW10.5/CW MCU v10.5/MCU/ARM_GCC_Support/ewl/lib/armv6-m\librt.a(gcc_ctor_dtor.o)
 .debug_info    0x00004396      0x19b D:/Programme/Freescale/CW10.5/CW MCU v10.5/MCU/ARM_GCC_Support/ewl/lib/armv6-m\librt.a(ROMCopy.o)
 .debug_info    0x00004531      0x2b9 D:/Programme/Freescale/CW10.5/CW MCU v10.5/MCU/ARM_GCC_Support/ewl/lib/armv6-m\librt.a(__arm_eabi_init.o)

.debug_abbrev   0x00000000     0x1834
 .debug_abbrev  0x00000000       0xa3 ./Generated_Code/WAIT1.o
 .debug_abbrev  0x000000a3       0xa3 ./Generated_Code/Vectors.o
 .debug_abbrev  0x00000146      0x1b8 ./Generated_Code/SegLCD1.o
 .debug_abbrev  0x000002fe      0x102 ./Generated_Code/PE_LDD.o
 .debug_abbrev  0x00000400      0x121 ./Generated_Code/Cpu.o
 .debug_abbrev  0x00000521      0x11c ./Generated_Code/BitIoLdd2.o
 .debug_abbrev  0x0000063d      0x11c ./Generated_Code/BitIoLdd1.o
 .debug_abbrev  0x00000759       0x92 ./Project_Settings/Startup_Code/__arm_start.o
 .debug_abbrev  0x000007eb       0x4c ./Project_Settings/Startup_Code/__arm_end.o
 .debug_abbrev  0x00000837       0x5f ./Sources/LCD/s401.o
 .debug_abbrev  0x00000896      0x1d9 ./Sources/LCD/LCD.o
 .debug_abbrev  0x00000a6f      0x11b ./Sources/daveApp.o
 .debug_abbrev  0x00000b8a       0x3f ./Sources/ProcessorExpert.o
 .debug_abbrev  0x00000bc9       0x3d ./Sources/Events.o
 .debug_abbrev  0x00000c06       0x7a D:/Programme/Freescale/CW10.5/CW MCU v10.5/MCU/ARM_GCC_Support/ewl/lib/armv6-m\libc.a(exit.o)
 .debug_abbrev  0x00000c80       0x95 D:/Programme/Freescale/CW10.5/CW MCU v10.5/MCU/ARM_GCC_Support/ewl/lib/armv6-m\libc.a(memcpy.o)
 .debug_abbrev  0x00000d15       0x62 D:/Programme/Freescale/CW10.5/CW MCU v10.5/MCU/ARM_GCC_Support/ewl/lib/armv6-m\libc.a(memset.o)
 .debug_abbrev  0x00000d77      0x200 D:/Programme/Freescale/CW10.5/CW MCU v10.5/MCU/ARM_GCC_Support/ewl/lib/armv6-m\libc.a(printformat_.o)
 .debug_abbrev  0x00000f77      0x1f0 D:/Programme/Freescale/CW10.5/CW MCU v10.5/MCU/ARM_GCC_Support/ewl/lib/armv6-m\libc.a(scanformat_.o)
 .debug_abbrev  0x00001167       0x9e D:/Programme/Freescale/CW10.5/CW MCU v10.5/MCU/ARM_GCC_Support/ewl/lib/armv6-m\libc.a(ctype_aeabi.o)
 .debug_abbrev  0x00001205       0xc2 D:/Programme/Freescale/CW10.5/CW MCU v10.5/MCU/ARM_GCC_Support/ewl/lib/armv6-m\libc.a(__strtoul.o)
 .debug_abbrev  0x000012c7       0x78 D:/Programme/Freescale/CW10.5/CW MCU v10.5/MCU/ARM_GCC_Support/ewl/lib/armv6-m\libc.a(__filll_mem.o)
 .debug_abbrev  0x0000133f       0x95 D:/Programme/Freescale/CW10.5/CW MCU v10.5/MCU/ARM_GCC_Support/ewl/lib/armv6-m\libc.a(memchr.o)
 .debug_abbrev  0x000013d4       0x7a D:/Programme/Freescale/CW10.5/CW MCU v10.5/MCU/ARM_GCC_Support/ewl/lib/armv6-m\libc.a(strchr.o)
 .debug_abbrev  0x0000144e       0x7a D:/Programme/Freescale/CW10.5/CW MCU v10.5/MCU/ARM_GCC_Support/ewl/lib/armv6-m\libc.a(strlen.o)
 .debug_abbrev  0x000014c8       0x99 D:/Programme/Freescale/CW10.5/CW MCU v10.5/MCU/ARM_GCC_Support/ewl/lib/armv6-m\librt.a(gcc_ctor_dtor.o)
 .debug_abbrev  0x00001561      0x120 D:/Programme/Freescale/CW10.5/CW MCU v10.5/MCU/ARM_GCC_Support/ewl/lib/armv6-m\librt.a(ROMCopy.o)
 .debug_abbrev  0x00001681      0x1b3 D:/Programme/Freescale/CW10.5/CW MCU v10.5/MCU/ARM_GCC_Support/ewl/lib/armv6-m\librt.a(__arm_eabi_init.o)

.debug_loc      0x00000000     0x31e7
 .debug_loc     0x00000000       0xa8 ./Generated_Code/WAIT1.o
 .debug_loc     0x000000a8      0x188 ./Generated_Code/SegLCD1.o
 .debug_loc     0x00000230       0x9c ./Generated_Code/PE_LDD.o
 .debug_loc     0x000002cc       0xb0 ./Generated_Code/Cpu.o
 .debug_loc     0x0000037c      0x118 ./Generated_Code/BitIoLdd2.o
 .debug_loc     0x00000494      0x118 ./Generated_Code/BitIoLdd1.o
 .debug_loc     0x000005ac       0x2c ./Project_Settings/Startup_Code/__arm_start.o
 .debug_loc     0x000005d8       0x38 ./Project_Settings/Startup_Code/__arm_end.o
 .debug_loc     0x00000610      0x3ec ./Sources/LCD/LCD.o
 .debug_loc     0x000009fc       0xa8 ./Sources/daveApp.o
 .debug_loc     0x00000aa4       0x2c ./Sources/ProcessorExpert.o
 .debug_loc     0x00000ad0       0x2c ./Sources/Events.o
 .debug_loc     0x00000afc       0x3e D:/Programme/Freescale/CW10.5/CW MCU v10.5/MCU/ARM_GCC_Support/ewl/lib/armv6-m\libc.a(exit.o)
 .debug_loc     0x00000b3a       0x59 D:/Programme/Freescale/CW10.5/CW MCU v10.5/MCU/ARM_GCC_Support/ewl/lib/armv6-m\libc.a(memcpy.o)
 .debug_loc     0x00000b93       0x6f D:/Programme/Freescale/CW10.5/CW MCU v10.5/MCU/ARM_GCC_Support/ewl/lib/armv6-m\libc.a(memset.o)
 .debug_loc     0x00000c02     0x104b D:/Programme/Freescale/CW10.5/CW MCU v10.5/MCU/ARM_GCC_Support/ewl/lib/armv6-m\libc.a(printformat_.o)
 .debug_loc     0x00001c4d      0x9d8 D:/Programme/Freescale/CW10.5/CW MCU v10.5/MCU/ARM_GCC_Support/ewl/lib/armv6-m\libc.a(scanformat_.o)
 .debug_loc     0x00002625      0x30d D:/Programme/Freescale/CW10.5/CW MCU v10.5/MCU/ARM_GCC_Support/ewl/lib/armv6-m\libc.a(ctype_aeabi.o)
 .debug_loc     0x00002932      0x305 D:/Programme/Freescale/CW10.5/CW MCU v10.5/MCU/ARM_GCC_Support/ewl/lib/armv6-m\libc.a(__strtoul.o)
 .debug_loc     0x00002c37      0x14a D:/Programme/Freescale/CW10.5/CW MCU v10.5/MCU/ARM_GCC_Support/ewl/lib/armv6-m\libc.a(__filll_mem.o)
 .debug_loc     0x00002d81       0x77 D:/Programme/Freescale/CW10.5/CW MCU v10.5/MCU/ARM_GCC_Support/ewl/lib/armv6-m\libc.a(memchr.o)
 .debug_loc     0x00002df8       0xaf D:/Programme/Freescale/CW10.5/CW MCU v10.5/MCU/ARM_GCC_Support/ewl/lib/armv6-m\libc.a(strchr.o)
 .debug_loc     0x00002ea7       0x33 D:/Programme/Freescale/CW10.5/CW MCU v10.5/MCU/ARM_GCC_Support/ewl/lib/armv6-m\libc.a(strlen.o)
 .debug_loc     0x00002eda       0x9d D:/Programme/Freescale/CW10.5/CW MCU v10.5/MCU/ARM_GCC_Support/ewl/lib/armv6-m\librt.a(gcc_ctor_dtor.o)
 .debug_loc     0x00002f77       0xd9 D:/Programme/Freescale/CW10.5/CW MCU v10.5/MCU/ARM_GCC_Support/ewl/lib/armv6-m\librt.a(ROMCopy.o)
 .debug_loc     0x00003050      0x197 D:/Programme/Freescale/CW10.5/CW MCU v10.5/MCU/ARM_GCC_Support/ewl/lib/armv6-m\librt.a(__arm_eabi_init.o)

.debug_aranges  0x00000000      0x598
 .debug_aranges
                0x00000000       0x40 ./Generated_Code/WAIT1.o
 .debug_aranges
                0x00000040       0x18 ./Generated_Code/Vectors.o
 .debug_aranges
                0x00000058       0x50 ./Generated_Code/SegLCD1.o
 .debug_aranges
                0x000000a8       0x30 ./Generated_Code/PE_LDD.o
 .debug_aranges
                0x000000d8       0x38 ./Generated_Code/Cpu.o
 .debug_aranges
                0x00000110       0x40 ./Generated_Code/BitIoLdd2.o
 .debug_aranges
                0x00000150       0x40 ./Generated_Code/BitIoLdd1.o
 .debug_aranges
                0x00000190       0x30 ./Project_Settings/Startup_Code/__arm_start.o
 .debug_aranges
                0x000001c0       0x20 ./Project_Settings/Startup_Code/__arm_end.o
 .debug_aranges
                0x000001e0       0x18 ./Sources/LCD/s401.o
 .debug_aranges
                0x000001f8       0xb0 ./Sources/LCD/LCD.o
 .debug_aranges
                0x000002a8       0x30 ./Sources/daveApp.o
 .debug_aranges
                0x000002d8       0x20 ./Sources/ProcessorExpert.o
 .debug_aranges
                0x000002f8       0x20 ./Sources/Events.o
 .debug_aranges
                0x00000318       0x20 D:/Programme/Freescale/CW10.5/CW MCU v10.5/MCU/ARM_GCC_Support/ewl/lib/armv6-m\libc.a(exit.o)
 .debug_aranges
                0x00000338       0x20 D:/Programme/Freescale/CW10.5/CW MCU v10.5/MCU/ARM_GCC_Support/ewl/lib/armv6-m\libc.a(memcpy.o)
 .debug_aranges
                0x00000358       0x20 D:/Programme/Freescale/CW10.5/CW MCU v10.5/MCU/ARM_GCC_Support/ewl/lib/armv6-m\libc.a(memset.o)
 .debug_aranges
                0x00000378       0x28 D:/Programme/Freescale/CW10.5/CW MCU v10.5/MCU/ARM_GCC_Support/ewl/lib/armv6-m\libc.a(printformat_.o)
 .debug_aranges
                0x000003a0       0x20 D:/Programme/Freescale/CW10.5/CW MCU v10.5/MCU/ARM_GCC_Support/ewl/lib/armv6-m\libc.a(scanformat_.o)
 .debug_aranges
                0x000003c0       0x88 D:/Programme/Freescale/CW10.5/CW MCU v10.5/MCU/ARM_GCC_Support/ewl/lib/armv6-m\libc.a(ctype_aeabi.o)
 .debug_aranges
                0x00000448       0x20 D:/Programme/Freescale/CW10.5/CW MCU v10.5/MCU/ARM_GCC_Support/ewl/lib/armv6-m\libc.a(__strtoul.o)
 .debug_aranges
                0x00000468       0x20 D:/Programme/Freescale/CW10.5/CW MCU v10.5/MCU/ARM_GCC_Support/ewl/lib/armv6-m\libc.a(__filll_mem.o)
 .debug_aranges
                0x00000488       0x20 D:/Programme/Freescale/CW10.5/CW MCU v10.5/MCU/ARM_GCC_Support/ewl/lib/armv6-m\libc.a(memchr.o)
 .debug_aranges
                0x000004a8       0x20 D:/Programme/Freescale/CW10.5/CW MCU v10.5/MCU/ARM_GCC_Support/ewl/lib/armv6-m\libc.a(strchr.o)
 .debug_aranges
                0x000004c8       0x20 D:/Programme/Freescale/CW10.5/CW MCU v10.5/MCU/ARM_GCC_Support/ewl/lib/armv6-m\libc.a(strlen.o)
 .debug_aranges
                0x000004e8       0x28 D:/Programme/Freescale/CW10.5/CW MCU v10.5/MCU/ARM_GCC_Support/ewl/lib/armv6-m\librt.a(gcc_ctor_dtor.o)
 .debug_aranges
                0x00000510       0x30 D:/Programme/Freescale/CW10.5/CW MCU v10.5/MCU/ARM_GCC_Support/ewl/lib/armv6-m\librt.a(ROMCopy.o)
 .debug_aranges
                0x00000540       0x58 D:/Programme/Freescale/CW10.5/CW MCU v10.5/MCU/ARM_GCC_Support/ewl/lib/armv6-m\librt.a(__arm_eabi_init.o)

.debug_macinfo  0x00000000   0x2cd3fe
 .debug_macinfo
                0x00000000    0x39efc ./Generated_Code/WAIT1.o
 .debug_macinfo
                0x00039efc    0x3b672 ./Generated_Code/Vectors.o
 .debug_macinfo
                0x0007556e    0x3d481 ./Generated_Code/SegLCD1.o
 .debug_macinfo
                0x000b29ef    0x3b642 ./Generated_Code/PE_LDD.o
 .debug_macinfo
                0x000ee031    0x3b676 ./Generated_Code/Cpu.o
 .debug_macinfo
                0x001296a7    0x3ab53 ./Generated_Code/BitIoLdd2.o
 .debug_macinfo
                0x001641fa    0x3ab4d ./Generated_Code/BitIoLdd1.o
 .debug_macinfo
                0x0019ed47     0x3e6d ./Project_Settings/Startup_Code/__arm_start.o
 .debug_macinfo
                0x001a2bb4     0x3456 ./Project_Settings/Startup_Code/__arm_end.o
 .debug_macinfo
                0x001a600a    0x3a725 ./Sources/LCD/s401.o
 .debug_macinfo
                0x001e072f    0x3b371 ./Sources/LCD/LCD.o
 .debug_macinfo
                0x0021baa0    0x3ac66 ./Sources/daveApp.o
 .debug_macinfo
                0x00256706    0x3b692 ./Sources/ProcessorExpert.o
 .debug_macinfo
                0x00291d98    0x3b666 ./Sources/Events.o

.debug_line     0x00000000     0x3aa5
 .debug_line    0x00000000      0x247 ./Generated_Code/WAIT1.o
 .debug_line    0x00000247      0x3c5 ./Generated_Code/Vectors.o
 .debug_line    0x0000060c      0x31f ./Generated_Code/SegLCD1.o
 .debug_line    0x0000092b      0x2ef ./Generated_Code/PE_LDD.o
 .debug_line    0x00000c1a      0x430 ./Generated_Code/Cpu.o
 .debug_line    0x0000104a      0x2b3 ./Generated_Code/BitIoLdd2.o
 .debug_line    0x000012fd      0x2b4 ./Generated_Code/BitIoLdd1.o
 .debug_line    0x000015b1      0x2c3 ./Project_Settings/Startup_Code/__arm_start.o
 .debug_line    0x00001874      0x2aa ./Project_Settings/Startup_Code/__arm_end.o
 .debug_line    0x00001b1e      0x22a ./Sources/LCD/s401.o
 .debug_line    0x00001d48      0x41e ./Sources/LCD/LCD.o
 .debug_line    0x00002166      0x3ba ./Sources/daveApp.o
 .debug_line    0x00002520      0x3af ./Sources/ProcessorExpert.o
 .debug_line    0x000028cf      0x2fa ./Sources/Events.o
 .debug_line    0x00002bc9       0x8d D:/Programme/Freescale/CW10.5/CW MCU v10.5/MCU/ARM_GCC_Support/ewl/lib/armv6-m\libc.a(exit.o)
 .debug_line    0x00002c56       0x8b D:/Programme/Freescale/CW10.5/CW MCU v10.5/MCU/ARM_GCC_Support/ewl/lib/armv6-m\libc.a(memcpy.o)
 .debug_line    0x00002ce1       0x90 D:/Programme/Freescale/CW10.5/CW MCU v10.5/MCU/ARM_GCC_Support/ewl/lib/armv6-m\libc.a(memset.o)
 .debug_line    0x00002d71      0x2c3 D:/Programme/Freescale/CW10.5/CW MCU v10.5/MCU/ARM_GCC_Support/ewl/lib/armv6-m\libc.a(printformat_.o)
 .debug_line    0x00003034      0x2be D:/Programme/Freescale/CW10.5/CW MCU v10.5/MCU/ARM_GCC_Support/ewl/lib/armv6-m\libc.a(scanformat_.o)
 .debug_line    0x000032f2      0x1be D:/Programme/Freescale/CW10.5/CW MCU v10.5/MCU/ARM_GCC_Support/ewl/lib/armv6-m\libc.a(ctype_aeabi.o)
 .debug_line    0x000034b0      0x11e D:/Programme/Freescale/CW10.5/CW MCU v10.5/MCU/ARM_GCC_Support/ewl/lib/armv6-m\libc.a(__strtoul.o)
 .debug_line    0x000035ce       0xf6 D:/Programme/Freescale/CW10.5/CW MCU v10.5/MCU/ARM_GCC_Support/ewl/lib/armv6-m\libc.a(__filll_mem.o)
 .debug_line    0x000036c4       0x9f D:/Programme/Freescale/CW10.5/CW MCU v10.5/MCU/ARM_GCC_Support/ewl/lib/armv6-m\libc.a(memchr.o)
 .debug_line    0x00003763       0x7d D:/Programme/Freescale/CW10.5/CW MCU v10.5/MCU/ARM_GCC_Support/ewl/lib/armv6-m\libc.a(strchr.o)
 .debug_line    0x000037e0       0x85 D:/Programme/Freescale/CW10.5/CW MCU v10.5/MCU/ARM_GCC_Support/ewl/lib/armv6-m\libc.a(strlen.o)
 .debug_line    0x00003865       0x6c D:/Programme/Freescale/CW10.5/CW MCU v10.5/MCU/ARM_GCC_Support/ewl/lib/armv6-m\librt.a(gcc_ctor_dtor.o)
 .debug_line    0x000038d1       0xbd D:/Programme/Freescale/CW10.5/CW MCU v10.5/MCU/ARM_GCC_Support/ewl/lib/armv6-m\librt.a(ROMCopy.o)
 .debug_line    0x0000398e      0x117 D:/Programme/Freescale/CW10.5/CW MCU v10.5/MCU/ARM_GCC_Support/ewl/lib/armv6-m\librt.a(__arm_eabi_init.o)

.debug_str      0x00000000     0x1690
 .debug_str     0x00000000      0x172 ./Generated_Code/WAIT1.o
                                0x1a3 (size before relaxing)
 .debug_str     0x00000172       0x5e ./Generated_Code/Vectors.o
                                0x172 (size before relaxing)
 .debug_str     0x000001d0      0x3c5 ./Generated_Code/SegLCD1.o
                                0x50c (size before relaxing)
 .debug_str     0x00000595      0x177 ./Generated_Code/PE_LDD.o
                                0x2d5 (size before relaxing)
 .debug_str     0x0000070c      0x1bb ./Generated_Code/Cpu.o
                                0x447 (size before relaxing)
 .debug_str     0x000008c7       0xe4 ./Generated_Code/BitIoLdd2.o
                                0x2de (size before relaxing)
 .debug_str     0x000009ab       0xa0 ./Generated_Code/BitIoLdd1.o
                                0x2de (size before relaxing)
 .debug_str     0x00000a4b       0x85 ./Project_Settings/Startup_Code/__arm_start.o
                                0x1a0 (size before relaxing)
 .debug_str     0x00000ad0       0x41 ./Project_Settings/Startup_Code/__arm_end.o
                                 0xd7 (size before relaxing)
 .debug_str     0x00000b11       0x4d ./Sources/LCD/s401.o
                                0x161 (size before relaxing)
 .debug_str     0x00000b5e      0x24a ./Sources/LCD/LCD.o
                                0x50f (size before relaxing)
 .debug_str     0x00000da8       0x38 ./Sources/daveApp.o
                                0x196 (size before relaxing)
 .debug_str     0x00000de0       0x22 ./Sources/ProcessorExpert.o
                                0x136 (size before relaxing)
 .debug_str     0x00000e02       0x21 ./Sources/Events.o
                                0x135 (size before relaxing)
 .debug_str     0x00000e23       0x54 D:/Programme/Freescale/CW10.5/CW MCU v10.5/MCU/ARM_GCC_Support/ewl/lib/armv6-m\libc.a(exit.o)
                                0x157 (size before relaxing)
 .debug_str     0x00000e77       0x23 D:/Programme/Freescale/CW10.5/CW MCU v10.5/MCU/ARM_GCC_Support/ewl/lib/armv6-m\libc.a(memcpy.o)
                                0x138 (size before relaxing)
 .debug_str     0x00000e9a       0x1c D:/Programme/Freescale/CW10.5/CW MCU v10.5/MCU/ARM_GCC_Support/ewl/lib/armv6-m\libc.a(memset.o)
                                0x140 (size before relaxing)
 .debug_str     0x00000eb6      0x23b D:/Programme/Freescale/CW10.5/CW MCU v10.5/MCU/ARM_GCC_Support/ewl/lib/armv6-m\libc.a(printformat_.o)
                                0x3b3 (size before relaxing)
 .debug_str     0x000010f1      0x184 D:/Programme/Freescale/CW10.5/CW MCU v10.5/MCU/ARM_GCC_Support/ewl/lib/armv6-m\libc.a(scanformat_.o)
                                0x3f9 (size before relaxing)
 .debug_str     0x00001275       0x9d D:/Programme/Freescale/CW10.5/CW MCU v10.5/MCU/ARM_GCC_Support/ewl/lib/armv6-m\libc.a(ctype_aeabi.o)
                                0x1bc (size before relaxing)
 .debug_str     0x00001312       0x55 D:/Programme/Freescale/CW10.5/CW MCU v10.5/MCU/ARM_GCC_Support/ewl/lib/armv6-m\libc.a(__strtoul.o)
                                0x1fb (size before relaxing)
 .debug_str     0x00001367       0x25 D:/Programme/Freescale/CW10.5/CW MCU v10.5/MCU/ARM_GCC_Support/ewl/lib/armv6-m\libc.a(__filll_mem.o)
                                0x152 (size before relaxing)
 .debug_str     0x0000138c       0x1c D:/Programme/Freescale/CW10.5/CW MCU v10.5/MCU/ARM_GCC_Support/ewl/lib/armv6-m\libc.a(memchr.o)
                                0x148 (size before relaxing)
 .debug_str     0x000013a8       0x1c D:/Programme/Freescale/CW10.5/CW MCU v10.5/MCU/ARM_GCC_Support/ewl/lib/armv6-m\libc.a(strchr.o)
                                0x137 (size before relaxing)
 .debug_str     0x000013c4       0x1c D:/Programme/Freescale/CW10.5/CW MCU v10.5/MCU/ARM_GCC_Support/ewl/lib/armv6-m\libc.a(strlen.o)
                                0x140 (size before relaxing)
 .debug_str     0x000013e0      0x126 D:/Programme/Freescale/CW10.5/CW MCU v10.5/MCU/ARM_GCC_Support/ewl/lib/armv6-m\librt.a(gcc_ctor_dtor.o)
                                0x181 (size before relaxing)
 .debug_str     0x00001506       0x9c D:/Programme/Freescale/CW10.5/CW MCU v10.5/MCU/ARM_GCC_Support/ewl/lib/armv6-m\librt.a(ROMCopy.o)
                                0x13c (size before relaxing)
 .debug_str     0x000015a2       0xee D:/Programme/Freescale/CW10.5/CW MCU v10.5/MCU/ARM_GCC_Support/ewl/lib/armv6-m\librt.a(__arm_eabi_init.o)
                                0x1b5 (size before relaxing)

.comment        0x00000000       0x79
 .comment       0x00000000       0x79 ./Generated_Code/WAIT1.o
                                 0x7a (size before relaxing)
 .comment       0x00000000       0x7a ./Generated_Code/Vectors.o
 .comment       0x00000000       0x7a ./Generated_Code/SegLCD1.o
 .comment       0x00000000       0x7a ./Generated_Code/PE_LDD.o
 .comment       0x00000000       0x7a ./Generated_Code/Cpu.o
 .comment       0x00000000       0x7a ./Generated_Code/BitIoLdd2.o
 .comment       0x00000000       0x7a ./Generated_Code/BitIoLdd1.o
 .comment       0x00000000       0x7a ./Project_Settings/Startup_Code/__arm_start.o
 .comment       0x00000000       0x7a ./Project_Settings/Startup_Code/__arm_end.o
 .comment       0x00000000       0x7a ./Sources/LCD/s401.o
 .comment       0x00000000       0x7a ./Sources/LCD/LCD.o
 .comment       0x00000000       0x7a ./Sources/daveApp.o
 .comment       0x00000000       0x7a ./Sources/ProcessorExpert.o
 .comment       0x00000000       0x7a ./Sources/Events.o
 .comment       0x00000000       0x7a D:/Programme/Freescale/CW10.5/CW MCU v10.5/MCU/ARM_GCC_Support/ewl/lib/armv6-m\libc.a(exit.o)
 .comment       0x00000000       0x7a D:/Programme/Freescale/CW10.5/CW MCU v10.5/MCU/ARM_GCC_Support/ewl/lib/armv6-m\libc.a(memcpy.o)
 .comment       0x00000000       0x7a D:/Programme/Freescale/CW10.5/CW MCU v10.5/MCU/ARM_GCC_Support/ewl/lib/armv6-m\libc.a(memset.o)
 .comment       0x00000000       0x7a D:/Programme/Freescale/CW10.5/CW MCU v10.5/MCU/ARM_GCC_Support/ewl/lib/armv6-m\libc.a(printformat_.o)
 .comment       0x00000000       0x7a D:/Programme/Freescale/CW10.5/CW MCU v10.5/MCU/ARM_GCC_Support/ewl/lib/armv6-m\libc.a(scanformat_.o)
 .comment       0x00000000       0x7a D:/Programme/Freescale/CW10.5/CW MCU v10.5/MCU/ARM_GCC_Support/ewl/lib/armv6-m\libc.a(ctype_aeabi.o)
 .comment       0x00000000       0x7a D:/Programme/Freescale/CW10.5/CW MCU v10.5/MCU/ARM_GCC_Support/ewl/lib/armv6-m\libc.a(__strtoul.o)
 .comment       0x00000000       0x7a D:/Programme/Freescale/CW10.5/CW MCU v10.5/MCU/ARM_GCC_Support/ewl/lib/armv6-m\libc.a(__filll_mem.o)
 .comment       0x00000000       0x7a D:/Programme/Freescale/CW10.5/CW MCU v10.5/MCU/ARM_GCC_Support/ewl/lib/armv6-m\libc.a(memchr.o)
 .comment       0x00000000       0x7a D:/Programme/Freescale/CW10.5/CW MCU v10.5/MCU/ARM_GCC_Support/ewl/lib/armv6-m\libc.a(strchr.o)
 .comment       0x00000000       0x7a D:/Programme/Freescale/CW10.5/CW MCU v10.5/MCU/ARM_GCC_Support/ewl/lib/armv6-m\libc.a(strlen.o)
 .comment       0x00000000       0x7a D:/Programme/Freescale/CW10.5/CW MCU v10.5/MCU/ARM_GCC_Support/ewl/lib/armv6-m\librt.a(gcc_ctor_dtor.o)
 .comment       0x00000000       0x7a D:/Programme/Freescale/CW10.5/CW MCU v10.5/MCU/ARM_GCC_Support/ewl/lib/armv6-m\librt.a(ROMCopy.o)
 .comment       0x00000000       0x7a D:/Programme/Freescale/CW10.5/CW MCU v10.5/MCU/ARM_GCC_Support/ewl/lib/armv6-m\librt.a(__arm_eabi_init.o)

.debug_frame    0x00000000      0xc30
 .debug_frame   0x00000000       0x90 ./Generated_Code/WAIT1.o
 .debug_frame   0x00000090       0xf4 ./Generated_Code/SegLCD1.o
 .debug_frame   0x00000184       0x6c ./Generated_Code/PE_LDD.o
 .debug_frame   0x000001f0       0x80 ./Generated_Code/Cpu.o
 .debug_frame   0x00000270       0xb0 ./Generated_Code/BitIoLdd2.o
 .debug_frame   0x00000320       0xb0 ./Generated_Code/BitIoLdd1.o
 .debug_frame   0x000003d0       0x4c ./Project_Settings/Startup_Code/__arm_start.o
 .debug_frame   0x0000041c       0x30 ./Project_Settings/Startup_Code/__arm_end.o
 .debug_frame   0x0000044c      0x25c ./Sources/LCD/LCD.o
 .debug_frame   0x000006a8       0x70 ./Sources/daveApp.o
 .debug_frame   0x00000718       0x2c ./Sources/ProcessorExpert.o
 .debug_frame   0x00000744       0x2c ./Sources/Events.o
 .debug_frame   0x00000770       0x2c D:/Programme/Freescale/CW10.5/CW MCU v10.5/MCU/ARM_GCC_Support/ewl/lib/armv6-m\libc.a(exit.o)
 .debug_frame   0x0000079c       0x28 D:/Programme/Freescale/CW10.5/CW MCU v10.5/MCU/ARM_GCC_Support/ewl/lib/armv6-m\libc.a(memcpy.o)
 .debug_frame   0x000007c4       0x28 D:/Programme/Freescale/CW10.5/CW MCU v10.5/MCU/ARM_GCC_Support/ewl/lib/armv6-m\libc.a(memset.o)
 .debug_frame   0x000007ec       0x54 D:/Programme/Freescale/CW10.5/CW MCU v10.5/MCU/ARM_GCC_Support/ewl/lib/armv6-m\libc.a(printformat_.o)
 .debug_frame   0x00000840       0x34 D:/Programme/Freescale/CW10.5/CW MCU v10.5/MCU/ARM_GCC_Support/ewl/lib/armv6-m\libc.a(scanformat_.o)
 .debug_frame   0x00000874      0x158 D:/Programme/Freescale/CW10.5/CW MCU v10.5/MCU/ARM_GCC_Support/ewl/lib/armv6-m\libc.a(ctype_aeabi.o)
 .debug_frame   0x000009cc       0x30 D:/Programme/Freescale/CW10.5/CW MCU v10.5/MCU/ARM_GCC_Support/ewl/lib/armv6-m\libc.a(__strtoul.o)
 .debug_frame   0x000009fc       0x2c D:/Programme/Freescale/CW10.5/CW MCU v10.5/MCU/ARM_GCC_Support/ewl/lib/armv6-m\libc.a(__filll_mem.o)
 .debug_frame   0x00000a28       0x28 D:/Programme/Freescale/CW10.5/CW MCU v10.5/MCU/ARM_GCC_Support/ewl/lib/armv6-m\libc.a(memchr.o)
 .debug_frame   0x00000a50       0x28 D:/Programme/Freescale/CW10.5/CW MCU v10.5/MCU/ARM_GCC_Support/ewl/lib/armv6-m\libc.a(strchr.o)
 .debug_frame   0x00000a78       0x28 D:/Programme/Freescale/CW10.5/CW MCU v10.5/MCU/ARM_GCC_Support/ewl/lib/armv6-m\libc.a(strlen.o)
 .debug_frame   0x00000aa0       0x20 d:/programme/freescale/cw10.5/cw mcu v10.5/cross_tools/arm-none-eabi-gcc-4_7_3/bin/../lib/gcc/arm-none-eabi/4.7.3/armv6-m\libgcc.a(_udivsi3.o)
 .debug_frame   0x00000ac0       0x20 d:/programme/freescale/cw10.5/cw mcu v10.5/cross_tools/arm-none-eabi-gcc-4_7_3/bin/../lib/gcc/arm-none-eabi/4.7.3/armv6-m\libgcc.a(_divsi3.o)
 .debug_frame   0x00000ae0       0x40 D:/Programme/Freescale/CW10.5/CW MCU v10.5/MCU/ARM_GCC_Support/ewl/lib/armv6-m\librt.a(gcc_ctor_dtor.o)
 .debug_frame   0x00000b20       0x54 D:/Programme/Freescale/CW10.5/CW MCU v10.5/MCU/ARM_GCC_Support/ewl/lib/armv6-m\librt.a(ROMCopy.o)
 .debug_frame   0x00000b74       0xbc D:/Programme/Freescale/CW10.5/CW MCU v10.5/MCU/ARM_GCC_Support/ewl/lib/armv6-m\librt.a(__arm_eabi_init.o)
