Archive member included because of file (symbol)

D:/Programme/Freescale/CW10.5/CW MCU v10.5/MCU/ARM_GCC_Support/ewl/lib/armv6-m\libc.a(exit.o)
                              ./Project_Settings/Startup_Code/__arm_start.o (exit)
D:/Programme/Freescale/CW10.5/CW MCU v10.5/MCU/ARM_GCC_Support/ewl/lib/armv6-m\libc.a(memcpy.o)
                              ./Sources/daveApp.o (memcpy)
D:/Programme/Freescale/CW10.5/CW MCU v10.5/MCU/ARM_GCC_Support/ewl/lib/armv6-m\libc.a(memset.o)
                              ./Project_Settings/Startup_Code/__arm_start.o (memset)
D:/Programme/Freescale/CW10.5/CW MCU v10.5/MCU/ARM_GCC_Support/ewl/lib/armv6-m\libc.a(printformat_.o)
                              (__pformatter_)
D:/Programme/Freescale/CW10.5/CW MCU v10.5/MCU/ARM_GCC_Support/ewl/lib/armv6-m\libc.a(scanformat_.o)
                              (__sformatter)
D:/Programme/Freescale/CW10.5/CW MCU v10.5/MCU/ARM_GCC_Support/ewl/lib/armv6-m\libc.a(ctype_aeabi.o)
                              D:/Programme/Freescale/CW10.5/CW MCU v10.5/MCU/ARM_GCC_Support/ewl/lib/armv6-m\libc.a(scanformat_.o) (isspace)
D:/Programme/Freescale/CW10.5/CW MCU v10.5/MCU/ARM_GCC_Support/ewl/lib/armv6-m\libc.a(__strtoul.o)
                              D:/Programme/Freescale/CW10.5/CW MCU v10.5/MCU/ARM_GCC_Support/ewl/lib/armv6-m\libc.a(scanformat_.o) (__strtoul)
D:/Programme/Freescale/CW10.5/CW MCU v10.5/MCU/ARM_GCC_Support/ewl/lib/armv6-m\libc.a(__filll_mem.o)
                              D:/Programme/Freescale/CW10.5/CW MCU v10.5/MCU/ARM_GCC_Support/ewl/lib/armv6-m\libc.a(memset.o) (__fill_mem)
D:/Programme/Freescale/CW10.5/CW MCU v10.5/MCU/ARM_GCC_Support/ewl/lib/armv6-m\libc.a(memchr.o)
                              D:/Programme/Freescale/CW10.5/CW MCU v10.5/MCU/ARM_GCC_Support/ewl/lib/armv6-m\libc.a(printformat_.o) (memchr)
D:/Programme/Freescale/CW10.5/CW MCU v10.5/MCU/ARM_GCC_Support/ewl/lib/armv6-m\libc.a(strchr.o)
                              D:/Programme/Freescale/CW10.5/CW MCU v10.5/MCU/ARM_GCC_Support/ewl/lib/armv6-m\libc.a(printformat_.o) (strchr)
D:/Programme/Freescale/CW10.5/CW MCU v10.5/MCU/ARM_GCC_Support/ewl/lib/armv6-m\libc.a(strlen.o)
                              D:/Programme/Freescale/CW10.5/CW MCU v10.5/MCU/ARM_GCC_Support/ewl/lib/armv6-m\libc.a(printformat_.o) (strlen)
d:/programme/freescale/cw10.5/cw mcu v10.5/cross_tools/arm-none-eabi-gcc-4_7_3/bin/../lib/gcc/arm-none-eabi/4.7.3/armv6-m\libgcc.a(_thumb1_case_sqi.o)
                              D:/Programme/Freescale/CW10.5/CW MCU v10.5/MCU/ARM_GCC_Support/ewl/lib/armv6-m\libc.a(__strtoul.o) (__gnu_thumb1_case_sqi)
d:/programme/freescale/cw10.5/cw mcu v10.5/cross_tools/arm-none-eabi-gcc-4_7_3/bin/../lib/gcc/arm-none-eabi/4.7.3/armv6-m\libgcc.a(_thumb1_case_uqi.o)
                              D:/Programme/Freescale/CW10.5/CW MCU v10.5/MCU/ARM_GCC_Support/ewl/lib/armv6-m\libc.a(scanformat_.o) (__gnu_thumb1_case_uqi)
d:/programme/freescale/cw10.5/cw mcu v10.5/cross_tools/arm-none-eabi-gcc-4_7_3/bin/../lib/gcc/arm-none-eabi/4.7.3/armv6-m\libgcc.a(_udivsi3.o)
                              D:/Programme/Freescale/CW10.5/CW MCU v10.5/MCU/ARM_GCC_Support/ewl/lib/armv6-m\libc.a(printformat_.o) (__aeabi_uidiv)
d:/programme/freescale/cw10.5/cw mcu v10.5/cross_tools/arm-none-eabi-gcc-4_7_3/bin/../lib/gcc/arm-none-eabi/4.7.3/armv6-m\libgcc.a(_divsi3.o)
                              ./Sources/daveApp.o (__aeabi_idiv)
d:/programme/freescale/cw10.5/cw mcu v10.5/cross_tools/arm-none-eabi-gcc-4_7_3/bin/../lib/gcc/arm-none-eabi/4.7.3/armv6-m\libgcc.a(_dvmd_tls.o)
                              d:/programme/freescale/cw10.5/cw mcu v10.5/cross_tools/arm-none-eabi-gcc-4_7_3/bin/../lib/gcc/arm-none-eabi/4.7.3/armv6-m\libgcc.a(_udivsi3.o) (__aeabi_idiv0)
D:/Programme/Freescale/CW10.5/CW MCU v10.5/MCU/ARM_GCC_Support/ewl/lib/armv6-m\librt.a(gcc_ctor_dtor.o)
                              ./Project_Settings/Startup_Code/__arm_start.o (__init_cpp)
D:/Programme/Freescale/CW10.5/CW MCU v10.5/MCU/ARM_GCC_Support/ewl/lib/armv6-m\librt.a(ROMCopy.o)
                              ./Project_Settings/Startup_Code/__arm_start.o (__copy_rom_sections_to_ram)
D:/Programme/Freescale/CW10.5/CW MCU v10.5/MCU/ARM_GCC_Support/ewl/lib/armv6-m\librt.a(__arm_eabi_init.o)
                              D:/Programme/Freescale/CW10.5/CW MCU v10.5/MCU/ARM_GCC_Support/ewl/lib/armv6-m\libc.a(exit.o) (__destroy_global_chain)

Allocating common symbols
Common symbol       size              file

bLCD_CharPosition   0x1               ./Sources/LCD/LCD.o
lcd_alternate_mode  0x1               ./Sources/LCD/LCD.o
SR_reg              0x1               ./Generated_Code/Cpu.o
lcdBuffer           0x20              ./Sources/LCD/LCD.o

Discarded input sections

 .text          0x00000000        0x0 ./Generated_Code/WAIT1.o
 .data          0x00000000        0x0 ./Generated_Code/WAIT1.o
 .bss           0x00000000        0x0 ./Generated_Code/WAIT1.o
 .text          0x00000000        0x0 ./Generated_Code/Vectors.o
[...]
Memory Configuration

Name             Origin             Length             Attributes
m_interrupts     0x00000000         0x000000c0         xr
m_text           0x00000410         0x0003fbf0         xr
m_data           0x1fffe000         0x00008000         rw
m_cfmprotrom     0x00000400         0x00000010         xr
*default*        0x00000000         0xffffffff

Linker script and memory map

LOAD ./Generated_Code/WAIT1.o
LOAD ./Generated_Code/Vectors.o
LOAD ./Generated_Code/TimerIntLdd1.o
LOAD ./Generated_Code/TU1.o
LOAD ./Generated_Code/TI1.o
LOAD ./Generated_Code/SegLCD1.o
LOAD ./Generated_Code/SW2.o
LOAD ./Generated_Code/SW1.o
LOAD ./Generated_Code/PTC.o
LOAD ./Generated_Code/PE_LDD.o
LOAD ./Generated_Code/LEDpin2.o
LOAD ./Generated_Code/LEDpin1.o
LOAD ./Generated_Code/LED2.o
LOAD ./Generated_Code/LED1.o
LOAD ./Generated_Code/Cpu.o
LOAD ./Generated_Code/CS1.o
LOAD ./Generated_Code/BitIoLdd4.o
LOAD ./Generated_Code/BitIoLdd3.o
LOAD ./Generated_Code/BitIoLdd2.o
LOAD ./Generated_Code/BitIoLdd1.o
LOAD ./Project_Settings/Startup_Code/__arm_start.o
LOAD ./Project_Settings/Startup_Code/__arm_end.o
LOAD ./Sources/Common/platform.o
LOAD ./Sources/Common/application.o
LOAD ./Sources/Common/Trigger.o
LOAD ./Sources/Common/Timer.o
LOAD ./Sources/Common/LED.o
LOAD ./Sources/Common/Keys.o
LOAD ./Sources/Common/KeyDebounce.o
LOAD ./Sources/Common/Event.o
LOAD ./Sources/Common/Debounce.o
LOAD ./Sources/Common/Buzzer.o
LOAD ./Sources/LCD/s401.o
LOAD ./Sources/LCD/LCD.o
LOAD ./Sources/sa_mtb.o
LOAD ./Sources/daveApp.o
LOAD ./Sources/ProcessorExpert.o
LOAD ./Sources/Events.o
                0x00001f6c                __pformatter = __pformatter_
                [0x00002394]                __sformatter = __sformatter
START GROUP
LOAD D:/Programme/Freescale/CW10.5/CW MCU v10.5/MCU/ARM_GCC_Support/ewl/lib/armv6-m\libc.a
LOAD D:/Programme/Freescale/CW10.5/CW MCU v10.5/MCU/ARM_GCC_Support/ewl/lib/armv6-m\libm.a
LOAD d:/programme/freescale/cw10.5/cw mcu v10.5/cross_tools/arm-none-eabi-gcc-4_7_3/bin/../lib/gcc/arm-none-eabi/4.7.3/armv6-m\libgcc.a
LOAD D:/Programme/Freescale/CW10.5/CW MCU v10.5/MCU/ARM_GCC_Support/ewl/lib/armv6-m\librt.a
LOAD D:/Programme/Freescale/CW10.5/CW MCU v10.5/MCU/ARM_GCC_Support/ewl/lib/armv6-m\libuart.a
END GROUP
                0x20006000                _estack = 0x20006000
                0x20006000                __SP_INIT = _estack
                0x00000000                __heap_size = 0x0
                0x00000400                __stack_size = 0x400

.interrupts     0x00000000       0xc0
                0x00000000                __vector_table = .
                0x00000000                . = ALIGN (0x4)
 *(.vectortable)
 .vectortable   0x00000000       0xc0 ./Generated_Code/Vectors.o
                0x00000000                __vect_table
                0x000000c0                . = ALIGN (0x4)

.cfmprotect     0x00000400       0x10
                0x00000400                . = ALIGN (0x4)
 *(.cfmconfig)
 .cfmconfig     0x00000400       0x10 ./Generated_Code/Cpu.o
                0x00000400                _cfm
                0x00000410                . = ALIGN (0x4)

.text           0x00000410     0x2c00
                0x00000410                . = ALIGN (0x4)
 *(.text)
 .text          0x00000410       0x14 d:/programme/freescale/cw10.5/cw mcu v10.5/cross_tools/arm-none-eabi-gcc-4_7_3/bin/../lib/gcc/arm-none-eabi/4.7.3/armv6-m\libgcc.a(_thumb1_case_sqi.o)
                0x00000410                __gnu_thumb1_case_sqi
 .text          0x00000424       0x14 d:/programme/freescale/cw10.5/cw mcu v10.5/cross_tools/arm-none-eabi-gcc-4_7_3/bin/../lib/gcc/arm-none-eabi/4.7.3/armv6-m\libgcc.a(_thumb1_case_uqi.o)
                0x00000424                __gnu_thumb1_case_uqi
 .text          0x00000438       0x9c d:/programme/freescale/cw10.5/cw mcu v10.5/cross_tools/arm-none-eabi-gcc-4_7_3/bin/../lib/gcc/arm-none-eabi/4.7.3/armv6-m\libgcc.a(_udivsi3.o)
                0x00000438                __aeabi_uidiv
                0x00000438                __udivsi3
                0x000004c0                __aeabi_uidivmod
 .text          0x000004d4       0xc0 d:/programme/freescale/cw10.5/cw mcu v10.5/cross_tools/arm-none-eabi-gcc-4_7_3/bin/../lib/gcc/arm-none-eabi/4.7.3/armv6-m\libgcc.a(_divsi3.o)
                0x000004d4                __divsi3
                0x000004d4                __aeabi_idiv
                0x00000580                __aeabi_idivmod
 .text          0x00000594        0x4 d:/programme/freescale/cw10.5/cw mcu v10.5/cross_tools/arm-none-eabi-gcc-4_7_3/bin/../lib/gcc/arm-none-eabi/4.7.3/armv6-m\libgcc.a(_dvmd_tls.o)
                0x00000594                __aeabi_idiv0
                0x00000594                __aeabi_ldiv0
 *(.text*)
 .text.WAIT1_Wait10Cycles
                0x00000598        0x8 ./Generated_Code/WAIT1.o
                0x00000598                WAIT1_Wait10Cycles
 .text.WAIT1_Wait100Cycles
                0x000005a0       0x18 ./Generated_Code/WAIT1.o
                0x000005a0                WAIT1_Wait100Cycles
 .text.WAIT1_WaitCycles
                0x000005b8       0x44 ./Generated_Code/WAIT1.o
                0x000005b8                WAIT1_WaitCycles
 .text.WAIT1_WaitLongCycles
                0x000005fc       0x3c ./Generated_Code/WAIT1.o
                0x000005fc                WAIT1_WaitLongCycles
 .text.WAIT1_Waitms
                0x00000638       0x38 ./Generated_Code/WAIT1.o
                0x00000638                WAIT1_Waitms
 .text.TimerIntLdd1_Init
                0x00000670       0x7c ./Generated_Code/TimerIntLdd1.o
                0x00000670                TimerIntLdd1_Init
 .text.TU1_OnChannel0
                0x000006ec       0x68 ./Generated_Code/TimerIntLdd1.o
                0x000006ec                TU1_OnChannel0
 .text.TU1_Init
                0x00000754      0x104 ./Generated_Code/TU1.o
                0x00000754                TU1_Init
 .text.TU1_SetEventMask
                0x00000858       0xec ./Generated_Code/TU1.o
                0x00000858                TU1_SetEventMask
 .text.TU1_GetEventMask
                0x00000944       0x18 ./Generated_Code/TU1.o
                0x00000944                TU1_GetEventMask
 .text.TU1_SetOffsetTicks
                0x0000095c       0x58 ./Generated_Code/TU1.o
                0x0000095c                TU1_SetOffsetTicks
 .text.TU1_GetOffsetTicks
                0x000009b4       0x64 ./Generated_Code/TU1.o
                0x000009b4                TU1_GetOffsetTicks
 .text.TU1_Interrupt
                0x00000a18       0x7c ./Generated_Code/TU1.o
                0x00000a18                TU1_Interrupt
 .text.TimerIntLdd1_OnInterrupt
                0x00000a94       0x14 ./Generated_Code/TI1.o
                0x00000a94                TimerIntLdd1_OnInterrupt
 .text.SegLCD1_Init
                0x00000aa8      0x1ac ./Generated_Code/SegLCD1.o
                0x00000aa8                SegLCD1_Init
 .text.PTC_Init
                0x00000c54       0x1c ./Generated_Code/PTC.o
                0x00000c54                PTC_Init
 .text.LED2_Deinit
                0x00000c70        0x8 ./Generated_Code/LED2.o
                0x00000c70                LED2_Deinit
 .text.LED1_Deinit
                0x00000c78        0x8 ./Generated_Code/LED1.o
                0x00000c78                LED1_Deinit
 .text.Cpu_INT_NMIInterrupt
                0x00000c80        0xc ./Generated_Code/Cpu.o
                0x00000c80                Cpu_INT_NMIInterrupt
 .text.Cpu_Interrupt
                0x00000c8c        0xc ./Generated_Code/Cpu.o
                0x00000c8c                Cpu_Interrupt
 .text.__init_hardware
                0x00000c98      0x188 ./Generated_Code/Cpu.o
                0x00000c98                __init_hardware
 .text.PE_low_level_init
                0x00000e20      0x144 ./Generated_Code/Cpu.o
                0x00000e20                PE_low_level_init
 .text.BitIoLdd4_Init
                0x00000f64       0x58 ./Generated_Code/BitIoLdd4.o
                0x00000f64                BitIoLdd4_Init
 .text.BitIoLdd4_GetVal
                0x00000fbc       0x28 ./Generated_Code/BitIoLdd4.o
                0x00000fbc                BitIoLdd4_GetVal
 .text.BitIoLdd3_Init
                0x00000fe4       0x54 ./Generated_Code/BitIoLdd3.o
                0x00000fe4                BitIoLdd3_Init
 .text.BitIoLdd3_GetVal
                0x00001038       0x28 ./Generated_Code/BitIoLdd3.o
                0x00001038                BitIoLdd3_GetVal
 .text.BitIoLdd2_Init
                0x00001060       0x68 ./Generated_Code/BitIoLdd2.o
                0x00001060                BitIoLdd2_Init
 .text.BitIoLdd2_ClrVal
                0x000010c8       0x1c ./Generated_Code/BitIoLdd2.o
                0x000010c8                BitIoLdd2_ClrVal
 .text.BitIoLdd2_SetVal
                0x000010e4       0x1c ./Generated_Code/BitIoLdd2.o
                0x000010e4                BitIoLdd2_SetVal
 .text.BitIoLdd1_Init
                0x00001100       0x60 ./Generated_Code/BitIoLdd1.o
                0x00001100                BitIoLdd1_Init
 .text.BitIoLdd1_ClrVal
                0x00001160       0x18 ./Generated_Code/BitIoLdd1.o
                0x00001160                BitIoLdd1_ClrVal
 .text.BitIoLdd1_SetVal
                0x00001178       0x18 ./Generated_Code/BitIoLdd1.o
                0x00001178                BitIoLdd1_SetVal
 .text.BitIoLdd1_NegVal
                0x00001190       0x18 ./Generated_Code/BitIoLdd1.o
                0x00001190                BitIoLdd1_NegVal
 .text.zero_fill_bss
                0x000011a8       0x24 ./Project_Settings/Startup_Code/__arm_start.o
 .text.__thumb_startup
                0x000011cc       0x30 ./Project_Settings/Startup_Code/__arm_start.o
                0x000011cc                __thumb_startup
 .text._ExitProcess
                0x000011fc        0xc ./Project_Settings/Startup_Code/__arm_end.o
                0x000011fc                _ExitProcess
 .text.PL_Init  0x00001208       0x10 ./Sources/Common/platform.o
                0x00001208                PL_Init
 .text.PL_Deinit
                0x00001218       0x10 ./Sources/Common/platform.o
                0x00001218                PL_Deinit
 .text.APP_EvntHandler
                0x00001228       0x90 ./Sources/Common/application.o
 .text.APP_Loop
                0x000012b8       0x18 ./Sources/Common/application.o
 .text.APP_Run  0x000012d0       0x1c ./Sources/Common/application.o
                0x000012d0                APP_Run
 .text.TRG_SetTrigger
                0x000012ec       0x88 ./Sources/Common/Trigger.o
                0x000012ec                TRG_SetTrigger
 .text.CheckCallbacks
                0x00001374       0xe8 ./Sources/Common/Trigger.o
 .text.TRG_IncTick
                0x0000145c       0x80 ./Sources/Common/Trigger.o
                0x0000145c                TRG_IncTick
 .text.TMR_OnInterrupt
                0x000014dc       0x38 ./Sources/Common/Timer.o
                0x000014dc                TMR_OnInterrupt
 .text.LED_Deinit
                0x00001514       0x10 ./Sources/Common/LED.o
                0x00001514                LED_Deinit
 .text.LED_Init
                0x00001524       0x20 ./Sources/Common/LED.o
                0x00001524                LED_Init
 .text.KEYDBNC_GetKeys
                0x00001544       0x54 ./Sources/Common/KeyDebounce.o
 .text.KEYDBNC_OnDebounceEvent
                0x00001598       0x94 ./Sources/Common/KeyDebounce.o
 .text.KEYDBNC_Scan
                0x0000162c       0x28 ./Sources/Common/KeyDebounce.o
                0x0000162c                KEYDBNC_Scan
 .text.EVNT_SetEvent
                0x00001654       0x58 ./Sources/Common/Event.o
                0x00001654                EVNT_SetEvent
 .text.EVNT_HandleEvent
                0x000016ac       0xac ./Sources/Common/Event.o
                0x000016ac                EVNT_HandleEvent
 .text.EVNT_Init
                0x00001758       0x34 ./Sources/Common/Event.o
                0x00001758                EVNT_Init
 .text.EVNT_Deinit
                0x0000178c        0x8 ./Sources/Common/Event.o
                0x0000178c                EVNT_Deinit
 .text.DBNC_Process
                0x00001794      0x174 ./Sources/Common/Debounce.o
                0x00001794                DBNC_Process
 .text.vfnLCD_Write_Msg
                0x00001908       0x88 ./Sources/LCD/LCD.o
                0x00001908                vfnLCD_Write_Msg
 .text.vfnLCD_Write_Char
                0x00001990      0x120 ./Sources/LCD/LCD.o
                0x00001990                vfnLCD_Write_Char
 .text.daveMain
                0x00001ab0       0x20 ./Sources/daveApp.o
                0x00001ab0                daveMain
 .text.LCDstart
                0x00001ad0       0xc0 ./Sources/daveApp.o
                0x00001ad0                LCDstart
 .text.writeInt
                0x00001b90      0x1bc ./Sources/daveApp.o
                0x00001b90                writeInt
 .text.main     0x00001d4c       0x14 ./Sources/ProcessorExpert.o
                0x00001d4c                main
 .text.Cpu_OnNMIINT
                0x00001d60        0x8 ./Sources/Events.o
                0x00001d60                Cpu_OnNMIINT
 .text.TI1_OnInterrupt
                0x00001d68       0x10 ./Sources/Events.o
                0x00001d68                TI1_OnInterrupt
 .text.exit     0x00001d78       0x38 D:/Programme/Freescale/CW10.5/CW MCU v10.5/MCU/ARM_GCC_Support/ewl/lib/armv6-m\libc.a(exit.o)
                0x00001d78                exit
 .text.memcpy   0x00001db0       0x12 D:/Programme/Freescale/CW10.5/CW MCU v10.5/MCU/ARM_GCC_Support/ewl/lib/armv6-m\libc.a(memcpy.o)
                0x00001db0                memcpy
 .text.memset   0x00001dc2        0xc D:/Programme/Freescale/CW10.5/CW MCU v10.5/MCU/ARM_GCC_Support/ewl/lib/armv6-m\libc.a(memset.o)
                0x00001dc2                memset
 *fill*         0x00001dce        0x2 00
 .text.long2str.isra.0
                0x00001dd0      0x19c D:/Programme/Freescale/CW10.5/CW MCU v10.5/MCU/ARM_GCC_Support/ewl/lib/armv6-m\libc.a(printformat_.o)
 .text.__pformatter_
                0x00001f6c      0x428 D:/Programme/Freescale/CW10.5/CW MCU v10.5/MCU/ARM_GCC_Support/ewl/lib/armv6-m\libc.a(printformat_.o)
                0x00001f6c                __pformatter_
 .text.__sformatter
                0x00002394      0x698 D:/Programme/Freescale/CW10.5/CW MCU v10.5/MCU/ARM_GCC_Support/ewl/lib/armv6-m\libc.a(scanformat_.o)
                0x00002394                __sformatter
 .text.isalpha  0x00002a2c       0x20 D:/Programme/Freescale/CW10.5/CW MCU v10.5/MCU/ARM_GCC_Support/ewl/lib/armv6-m\libc.a(ctype_aeabi.o)
                0x00002a2c                isalpha
 .text.isspace  0x00002a4c       0x20 D:/Programme/Freescale/CW10.5/CW MCU v10.5/MCU/ARM_GCC_Support/ewl/lib/armv6-m\libc.a(ctype_aeabi.o)
                0x00002a4c                isspace
 .text.toupper  0x00002a6c        0xe D:/Programme/Freescale/CW10.5/CW MCU v10.5/MCU/ARM_GCC_Support/ewl/lib/armv6-m\libc.a(ctype_aeabi.o)
                0x00002a6c                toupper
 .text.__strtoul
                0x00002a7a      0x1ce D:/Programme/Freescale/CW10.5/CW MCU v10.5/MCU/ARM_GCC_Support/ewl/lib/armv6-m\libc.a(__strtoul.o)
                0x00002a7a                __strtoul
 .text.__fill_mem
                0x00002c48       0x7e D:/Programme/Freescale/CW10.5/CW MCU v10.5/MCU/ARM_GCC_Support/ewl/lib/armv6-m\libc.a(__filll_mem.o)
                0x00002c48                __fill_mem
 .text.memchr   0x00002cc6       0x1a D:/Programme/Freescale/CW10.5/CW MCU v10.5/MCU/ARM_GCC_Support/ewl/lib/armv6-m\libc.a(memchr.o)
                0x00002cc6                memchr
 .text.strchr   0x00002ce0       0x1e D:/Programme/Freescale/CW10.5/CW MCU v10.5/MCU/ARM_GCC_Support/ewl/lib/armv6-m\libc.a(strchr.o)
                0x00002ce0                strchr
 .text.strlen   0x00002cfe       0x10 D:/Programme/Freescale/CW10.5/CW MCU v10.5/MCU/ARM_GCC_Support/ewl/lib/armv6-m\libc.a(strlen.o)
                0x00002cfe                strlen
 *fill*         0x00002d0e        0x2 00
 .text.__init_cpp
                0x00002d10       0x48 D:/Programme/Freescale/CW10.5/CW MCU v10.5/MCU/ARM_GCC_Support/ewl/lib/armv6-m\librt.a(gcc_ctor_dtor.o)
                0x00002d10                __init_cpp
 .text.__fini_cpp
                0x00002d58       0x34 D:/Programme/Freescale/CW10.5/CW MCU v10.5/MCU/ARM_GCC_Support/ewl/lib/armv6-m\librt.a(gcc_ctor_dtor.o)
                0x00002d58                __fini_cpp
 .text.__copy_rom_section
                0x00002d8c       0x48 D:/Programme/Freescale/CW10.5/CW MCU v10.5/MCU/ARM_GCC_Support/ewl/lib/armv6-m\librt.a(ROMCopy.o)
                0x00002d8c                __copy_rom_section
 .text.__copy_rom_sections_to_ram
                0x00002dd4       0x34 D:/Programme/Freescale/CW10.5/CW MCU v10.5/MCU/ARM_GCC_Support/ewl/lib/armv6-m\librt.a(ROMCopy.o)
                0x00002dd4                __copy_rom_sections_to_ram
 .text.__destroy_global_chain
                0x00002e08       0x1c D:/Programme/Freescale/CW10.5/CW MCU v10.5/MCU/ARM_GCC_Support/ewl/lib/armv6-m\librt.a(__arm_eabi_init.o)
                0x00002e08                __destroy_global_chain
 .text.__init_registers
                0x00002e24       0x1c D:/Programme/Freescale/CW10.5/CW MCU v10.5/MCU/ARM_GCC_Support/ewl/lib/armv6-m\librt.a(__arm_eabi_init.o)
                0x00002e24                __init_registers
 .text.__init_user
                0x00002e40        0x4 D:/Programme/Freescale/CW10.5/CW MCU v10.5/MCU/ARM_GCC_Support/ewl/lib/armv6-m\librt.a(__arm_eabi_init.o)
                0x00002e40                __init_user
 *(.rodata)
 .rodata        0x00002e44       0x10 ./Sources/daveApp.o
 *(.rodata*)
 .rodata.ChannelDevice
                0x00002e54        0x4 ./Generated_Code/TU1.o
 .rodata.ChannelMode
                0x00002e58        0x4 ./Generated_Code/TU1.o
 .rodata.APP_EvntHandler
                0x00002e5c       0x38 ./Sources/Common/application.o
 .rodata.WF_ORDERING_TABLE
                0x00002e94        0xc ./Sources/LCD/s401.o
                0x00002e94                WF_ORDERING_TABLE
 .rodata.ASCII_TO_WF_CODIFICATION_TABLE
                0x00002ea0       0x64 ./Sources/LCD/s401.o
                0x00002ea0                ASCII_TO_WF_CODIFICATION_TABLE
 .rodata.str1.1
                0x00002f04        0x1 D:/Programme/Freescale/CW10.5/CW MCU v10.5/MCU/ARM_GCC_Support/ewl/lib/armv6-m\libc.a(printformat_.o)
 .rodata.CSWTCH.20
                0x00002f05        0x5 D:/Programme/Freescale/CW10.5/CW MCU v10.5/MCU/ARM_GCC_Support/ewl/lib/armv6-m\libc.a(printformat_.o)
 .rodata.CSWTCH.21
                0x00002f0a        0x5 D:/Programme/Freescale/CW10.5/CW MCU v10.5/MCU/ARM_GCC_Support/ewl/lib/armv6-m\libc.a(printformat_.o)
 .rodata.__aeabi_ctype_table_C
                0x00002f0f      0x101 D:/Programme/Freescale/CW10.5/CW MCU v10.5/MCU/ARM_GCC_Support/ewl/lib/armv6-m\libc.a(ctype_aeabi.o)
                0x00002f0f                __aeabi_ctype_table_C
 *(.glue_7)
 .glue_7        0x00000000        0x0 linker stubs
 *(.glue_7t)
 .glue_7t       0x00000000        0x0 linker stubs
 *(.eh_frame)
 *(.init)
 *(.fini)
                0x00003010                . = ALIGN (0x4)
                0x00003010                _etext = .

.vfp11_veneer   0x00003010        0x0
 .vfp11_veneer  0x00000000        0x0 linker stubs

.v4_bx          0x00003010        0x0
 .v4_bx         0x00000000        0x0 linker stubs

.iplt           0x00003010        0x0
 .iplt          0x00000000        0x0 ./Generated_Code/WAIT1.o

.rel.dyn        0x00003010        0x0
 .rel.iplt      0x00000000        0x0 ./Generated_Code/WAIT1.o

.ARM.extab
 *(.ARM.extab* .gnu.linkonce.armextab.*)

.ARM            0x00003010        0x0
                0x00003010                __exidx_start = .
 *(.ARM.exidx*)
                0x00003010                __exidx_end = .

.ctors          0x00003010        0x0
                0x00003010                __CTOR_LIST__ = .
 *crtbegin.o(.ctors)
 *(EXCLUDE_FILE(*crtend.o) .ctors)
 *(SORT(.ctors.*))
 *(.ctors)
                0x00003010                __CTOR_END__ = .

.dtors          0x00003010        0x0
                0x00003010                __DTOR_LIST__ = .
 *crtbegin.o(.dtors)
 *(EXCLUDE_FILE(*crtend.o) .dtors)
 *(SORT(.dtors.*))
 *(.dtors)
                0x00003010                __DTOR_END__ = .

.preinit_array  0x00003010        0x0
                0x00003010                PROVIDE (__preinit_array_start, .)
 *(.preinit_array*)
                0x00003010                PROVIDE (__preinit_array_end, .)

.init_array     0x00003010        0x0
                0x00003010                PROVIDE (__init_array_start, .)
 *(SORT(.init_array.*))
 *(.init_array*)
                0x00003010                PROVIDE (__init_array_end, .)

.fini_array     0x00003010        0x0
                0x00003010                PROVIDE (__fini_array_start, .)
 *(SORT(.fini_array.*))
 *(.fini_array*)
                0x00003010                PROVIDE (__fini_array_end, .)
                0x00003010                ___ROM_AT = .

.mtb            0x1fffe000        0x0
                0x1fffe000                . = ALIGN (0x8)
                0x1fffe000                _mtb_start = .
 *(.mtb_buf)
                0x1fffe000                . = ALIGN (0x8)
                0x1fffe000                _mtb_end = .

.data           0x1fffe000       0x14 load address 0x00003010
                0x1fffe000                . = ALIGN (0x4)
                0x1fffe000                _sdata = .
 *(.data)
 *(.data*)
 .data.KEYDBNC_FSMdata
                0x1fffe000       0x14 ./Sources/Common/KeyDebounce.o
                0x1fffe014                . = ALIGN (0x4)
                0x1fffe014                _edata = .
                0x00000014                ___data_size = (_edata - _sdata)

.igot.plt       0x1fffe014        0x0 load address 0x00003024
 .igot.plt      0x00000000        0x0 ./Generated_Code/WAIT1.o
                0x1fffe014                . = ALIGN (0x4)

.bss            0x1fffe014       0xb0 load address 0x00003024
                0x1fffe014                __START_BSS = .
                0x1fffe014                PROVIDE (__bss_start__, __START_BSS)
 *(.bss)
 *(.bss*)
 .bss.DeviceDataPrv__DEFAULT_RTOS_ALLOC
                0x1fffe014       0x14 ./Generated_Code/TimerIntLdd1.o
 .bss.DeviceDataPrv__DEFAULT_RTOS_ALLOC
                0x1fffe028        0xc ./Generated_Code/TU1.o
 .bss.INT_TPM0__DEFAULT_RTOS_ISRPARAM
                0x1fffe034        0x4 ./Generated_Code/TU1.o
 .bss.DeviceDataPrv__DEFAULT_RTOS_ALLOC
                0x1fffe038        0x4 ./Generated_Code/SegLCD1.o
 .bss.PE_LDD_DeviceDataList
                0x1fffe03c       0x1c ./Generated_Code/PE_LDD.o
                0x1fffe03c                PE_LDD_DeviceDataList
 .bss.SR_lock   0x1fffe058        0x1 ./Generated_Code/Cpu.o
                0x1fffe058                SR_lock
 *fill*         0x1fffe059        0x3 00
 .bss.DeviceDataPrv__DEFAULT_RTOS_ALLOC
                0x1fffe05c        0x4 ./Generated_Code/BitIoLdd4.o
 .bss.DeviceDataPrv__DEFAULT_RTOS_ALLOC
                0x1fffe060        0x4 ./Generated_Code/BitIoLdd3.o
 .bss.DeviceDataPrv__DEFAULT_RTOS_ALLOC
                0x1fffe064        0x4 ./Generated_Code/BitIoLdd2.o
 .bss.DeviceDataPrv__DEFAULT_RTOS_ALLOC
                0x1fffe068        0x4 ./Generated_Code/BitIoLdd1.o
 .bss.argv      0x1fffe06c        0x4 ./Project_Settings/Startup_Code/__arm_start.o
 .bss.TRG_Triggers
                0x1fffe070        0xc ./Sources/Common/Trigger.o
 .bss.i.5012    0x1fffe07c        0x4 ./Sources/Common/Timer.o
 .bss.EVNT_Events
                0x1fffe080        0x4 ./Sources/Common/Event.o
 .bss.__stdio_exit
                0x1fffe084        0x4 D:/Programme/Freescale/CW10.5/CW MCU v10.5/MCU/ARM_GCC_Support/ewl/lib/armv6-m\libc.a(exit.o)
                0x1fffe084                __stdio_exit
 .bss.__console_exit
                0x1fffe088        0x4 D:/Programme/Freescale/CW10.5/CW MCU v10.5/MCU/ARM_GCC_Support/ewl/lib/armv6-m\libc.a(exit.o)
                0x1fffe088                __console_exit
 .bss.__S_romp  0x1fffe08c        0xc D:/Programme/Freescale/CW10.5/CW MCU v10.5/MCU/ARM_GCC_Support/ewl/lib/armv6-m\librt.a(ROMCopy.o)
 .bss.__global_destructor_chain
                0x1fffe098        0x4 D:/Programme/Freescale/CW10.5/CW MCU v10.5/MCU/ARM_GCC_Support/ewl/lib/armv6-m\librt.a(__arm_eabi_init.o)
                0x1fffe098                __global_destructor_chain
 *(COMMON)
 COMMON         0x1fffe09c        0x1 ./Generated_Code/Cpu.o
                0x1fffe09c                SR_reg
 *fill*         0x1fffe09d        0x3 00
 COMMON         0x1fffe0a0       0x24 ./Sources/LCD/LCD.o
                0x1fffe0a0                bLCD_CharPosition
                0x1fffe0a1                lcd_alternate_mode
                0x1fffe0a4                lcdBuffer
                0x1fffe0c4                . = ALIGN (0x4)
                0x1fffe0c4                __END_BSS = .
                0x1fffe0c4                PROVIDE (__bss_end__, __END_BSS)
                0x00003024                _romp_at = (___ROM_AT + SIZEOF (.data))

.romp           0x1fffe0c4       0x18 load address 0x00003024
                0x00003024                __S_romp = _romp_at
                0x1fffe0c4        0x4 LONG 0x3010 ___ROM_AT
                0x1fffe0c8        0x4 LONG 0x1fffe000 _sdata
                0x1fffe0cc        0x4 LONG 0x14 ___data_size
                0x1fffe0d0        0x4 LONG 0x0
                0x1fffe0d4        0x4 LONG 0x0
                0x1fffe0d8        0x4 LONG 0x0

._user_heap_stack
                0x1fffe0dc      0x400 load address 0x0000303c
                0x1fffe0dc                . = ALIGN (0x4)
                0x1fffe0dc                PROVIDE (end, .)
                0x1fffe0dc                PROVIDE (_end, .)
                0x1fffe0dc                __heap_addr = .
                0x1fffe0dc                . = (. + __heap_size)
                0x1fffe4dc                . = (. + __stack_size)
 *fill*         0x1fffe0dc      0x400 00
                0x1fffe4dc                . = ALIGN (0x4)

.ARM.attributes
                0x00000000       0x31
 *(.ARM.attributes)
 .ARM.attributes
                0x00000000       0x31 ./Generated_Code/WAIT1.o
 .ARM.attributes
                0x00000031       0x31 ./Generated_Code/Vectors.o
 .ARM.attributes
                0x00000062       0x31 ./Generated_Code/TimerIntLdd1.o
 .ARM.attributes
                0x00000093       0x31 ./Generated_Code/TU1.o
 .ARM.attributes
                0x000000c4       0x31 ./Generated_Code/TI1.o
 .ARM.attributes
                0x000000f5       0x31 ./Generated_Code/SegLCD1.o
 .ARM.attributes
                0x00000126       0x31 ./Generated_Code/PTC.o
 .ARM.attributes
                0x00000157       0x31 ./Generated_Code/PE_LDD.o
 .ARM.attributes
                0x00000188       0x31 ./Generated_Code/LED2.o
 .ARM.attributes
                0x000001b9       0x31 ./Generated_Code/LED1.o
 .ARM.attributes
                0x000001ea       0x31 ./Generated_Code/Cpu.o
 .ARM.attributes
                0x0000021b       0x31 ./Generated_Code/BitIoLdd4.o
 .ARM.attributes
                0x0000024c       0x31 ./Generated_Code/BitIoLdd3.o
 .ARM.attributes
                0x0000027d       0x31 ./Generated_Code/BitIoLdd2.o
 .ARM.attributes
                0x000002ae       0x31 ./Generated_Code/BitIoLdd1.o
 .ARM.attributes
                0x000002df       0x31 ./Project_Settings/Startup_Code/__arm_start.o
 .ARM.attributes
                0x00000310       0x31 ./Project_Settings/Startup_Code/__arm_end.o
 .ARM.attributes
                0x00000341       0x31 ./Sources/Common/platform.o
 .ARM.attributes
                0x00000372       0x31 ./Sources/Common/application.o
 .ARM.attributes
                0x000003a3       0x31 ./Sources/Common/Trigger.o
 .ARM.attributes
                0x000003d4       0x31 ./Sources/Common/Timer.o
 .ARM.attributes
                0x00000405       0x31 ./Sources/Common/LED.o
 .ARM.attributes
                0x00000436       0x31 ./Sources/Common/KeyDebounce.o
 .ARM.attributes
                0x00000467       0x31 ./Sources/Common/Event.o
 .ARM.attributes
                0x00000498       0x31 ./Sources/Common/Debounce.o
 .ARM.attributes
                0x000004c9       0x31 ./Sources/LCD/s401.o
 .ARM.attributes
                0x000004fa       0x31 ./Sources/LCD/LCD.o
 .ARM.attributes
                0x0000052b       0x31 ./Sources/daveApp.o
 .ARM.attributes
                0x0000055c       0x31 ./Sources/ProcessorExpert.o
 .ARM.attributes
                0x0000058d       0x31 ./Sources/Events.o
 .ARM.attributes
                0x000005be       0x31 D:/Programme/Freescale/CW10.5/CW MCU v10.5/MCU/ARM_GCC_Support/ewl/lib/armv6-m\libc.a(exit.o)
 .ARM.attributes
                0x000005ef       0x31 D:/Programme/Freescale/CW10.5/CW MCU v10.5/MCU/ARM_GCC_Support/ewl/lib/armv6-m\libc.a(memcpy.o)
 .ARM.attributes
                0x00000620       0x31 D:/Programme/Freescale/CW10.5/CW MCU v10.5/MCU/ARM_GCC_Support/ewl/lib/armv6-m\libc.a(memset.o)
 .ARM.attributes
                0x00000651       0x31 D:/Programme/Freescale/CW10.5/CW MCU v10.5/MCU/ARM_GCC_Support/ewl/lib/armv6-m\libc.a(printformat_.o)
 .ARM.attributes
                0x00000682       0x31 D:/Programme/Freescale/CW10.5/CW MCU v10.5/MCU/ARM_GCC_Support/ewl/lib/armv6-m\libc.a(scanformat_.o)
 .ARM.attributes
                0x000006b3       0x31 D:/Programme/Freescale/CW10.5/CW MCU v10.5/MCU/ARM_GCC_Support/ewl/lib/armv6-m\libc.a(ctype_aeabi.o)
 .ARM.attributes
                0x000006e4       0x31 D:/Programme/Freescale/CW10.5/CW MCU v10.5/MCU/ARM_GCC_Support/ewl/lib/armv6-m\libc.a(__strtoul.o)
 .ARM.attributes
                0x00000715       0x31 D:/Programme/Freescale/CW10.5/CW MCU v10.5/MCU/ARM_GCC_Support/ewl/lib/armv6-m\libc.a(__filll_mem.o)
 .ARM.attributes
                0x00000746       0x31 D:/Programme/Freescale/CW10.5/CW MCU v10.5/MCU/ARM_GCC_Support/ewl/lib/armv6-m\libc.a(memchr.o)
 .ARM.attributes
                0x00000777       0x31 D:/Programme/Freescale/CW10.5/CW MCU v10.5/MCU/ARM_GCC_Support/ewl/lib/armv6-m\libc.a(strchr.o)
 .ARM.attributes
                0x000007a8       0x31 D:/Programme/Freescale/CW10.5/CW MCU v10.5/MCU/ARM_GCC_Support/ewl/lib/armv6-m\libc.a(strlen.o)
 .ARM.attributes
                0x000007d9       0x1e d:/programme/freescale/cw10.5/cw mcu v10.5/cross_tools/arm-none-eabi-gcc-4_7_3/bin/../lib/gcc/arm-none-eabi/4.7.3/armv6-m\libgcc.a(_thumb1_case_sqi.o)
 .ARM.attributes
                0x000007f7       0x1e d:/programme/freescale/cw10.5/cw mcu v10.5/cross_tools/arm-none-eabi-gcc-4_7_3/bin/../lib/gcc/arm-none-eabi/4.7.3/armv6-m\libgcc.a(_thumb1_case_uqi.o)
 .ARM.attributes
                0x00000815       0x1e d:/programme/freescale/cw10.5/cw mcu v10.5/cross_tools/arm-none-eabi-gcc-4_7_3/bin/../lib/gcc/arm-none-eabi/4.7.3/armv6-m\libgcc.a(_udivsi3.o)
 .ARM.attributes
                0x00000833       0x1e d:/programme/freescale/cw10.5/cw mcu v10.5/cross_tools/arm-none-eabi-gcc-4_7_3/bin/../lib/gcc/arm-none-eabi/4.7.3/armv6-m\libgcc.a(_divsi3.o)
 .ARM.attributes
                0x00000851       0x1e d:/programme/freescale/cw10.5/cw mcu v10.5/cross_tools/arm-none-eabi-gcc-4_7_3/bin/../lib/gcc/arm-none-eabi/4.7.3/armv6-m\libgcc.a(_dvmd_tls.o)
 .ARM.attributes
                0x0000086f       0x31 D:/Programme/Freescale/CW10.5/CW MCU v10.5/MCU/ARM_GCC_Support/ewl/lib/armv6-m\librt.a(gcc_ctor_dtor.o)
 .ARM.attributes
                0x000008a0       0x31 D:/Programme/Freescale/CW10.5/CW MCU v10.5/MCU/ARM_GCC_Support/ewl/lib/armv6-m\librt.a(ROMCopy.o)
 .ARM.attributes
                0x000008d1       0x31 D:/Programme/Freescale/CW10.5/CW MCU v10.5/MCU/ARM_GCC_Support/ewl/lib/armv6-m\librt.a(__arm_eabi_init.o)
OUTPUT(FRDM_Dave.elf elf32-littlearm)

.debug_info     0x00000000     0x6a71
 .debug_info    0x00000000      0x135 ./Generated_Code/WAIT1.o
 .debug_info    0x00000135      0x104 ./Generated_Code/Vectors.o
 .debug_info    0x00000239      0x1c3 ./Generated_Code/TimerIntLdd1.o
 .debug_info    0x000003fc      0x777 ./Generated_Code/TU1.o
 .debug_info    0x00000b73       0xa7 ./Generated_Code/TI1.o
 .debug_info    0x00000c1a      0x74d ./Generated_Code/SegLCD1.o
 .debug_info    0x00001367      0x115 ./Generated_Code/PTC.o
 .debug_info    0x0000147c      0x24e ./Generated_Code/PE_LDD.o
 .debug_info    0x000016ca       0xe3 ./Generated_Code/LED2.o
 .debug_info    0x000017ad       0xe3 ./Generated_Code/LED1.o
 .debug_info    0x00001890      0x906 ./Generated_Code/Cpu.o
 .debug_info    0x00002196      0x313 ./Generated_Code/BitIoLdd4.o
 .debug_info    0x000024a9      0x313 ./Generated_Code/BitIoLdd3.o
 .debug_info    0x000027bc      0x38b ./Generated_Code/BitIoLdd2.o
 .debug_info    0x00002b47      0x38b ./Generated_Code/BitIoLdd1.o
 .debug_info    0x00002ed2      0x12a ./Project_Settings/Startup_Code/__arm_start.o
 .debug_info    0x00002ffc       0x54 ./Project_Settings/Startup_Code/__arm_end.o
 .debug_info    0x00003050       0xa3 ./Sources/Common/platform.o
 .debug_info    0x000030f3      0x17e ./Sources/Common/application.o
 .debug_info    0x00003271      0x286 ./Sources/Common/Trigger.o
 .debug_info    0x000034f7      0x141 ./Sources/Common/Timer.o
 .debug_info    0x00003638      0x185 ./Sources/Common/LED.o
 .debug_info    0x000037bd      0x2e7 ./Sources/Common/KeyDebounce.o
 .debug_info    0x00003aa4      0x2ac ./Sources/Common/Event.o
 .debug_info    0x00003d50      0x265 ./Sources/Common/Debounce.o
 .debug_info    0x00003fb5       0xcf ./Sources/LCD/s401.o
 .debug_info    0x00004084      0xa72 ./Sources/LCD/LCD.o
 .debug_info    0x00004af6      0x211 ./Sources/daveApp.o
 .debug_info    0x00004d07       0x8f ./Sources/ProcessorExpert.o
 .debug_info    0x00004d96       0xc3 ./Sources/Events.o
 .debug_info    0x00004e59       0xe8 D:/Programme/Freescale/CW10.5/CW MCU v10.5/MCU/ARM_GCC_Support/ewl/lib/armv6-m\libc.a(exit.o)
 .debug_info    0x00004f41      0x10f D:/Programme/Freescale/CW10.5/CW MCU v10.5/MCU/ARM_GCC_Support/ewl/lib/armv6-m\libc.a(memcpy.o)
 .debug_info    0x00005050       0xec D:/Programme/Freescale/CW10.5/CW MCU v10.5/MCU/ARM_GCC_Support/ewl/lib/armv6-m\libc.a(memset.o)
 .debug_info    0x0000513c      0x50d D:/Programme/Freescale/CW10.5/CW MCU v10.5/MCU/ARM_GCC_Support/ewl/lib/armv6-m\libc.a(printformat_.o)
 .debug_info    0x00005649      0x568 D:/Programme/Freescale/CW10.5/CW MCU v10.5/MCU/ARM_GCC_Support/ewl/lib/armv6-m\libc.a(scanformat_.o)
 .debug_info    0x00005bb1      0x313 D:/Programme/Freescale/CW10.5/CW MCU v10.5/MCU/ARM_GCC_Support/ewl/lib/armv6-m\libc.a(ctype_aeabi.o)
 .debug_info    0x00005ec4      0x1d6 D:/Programme/Freescale/CW10.5/CW MCU v10.5/MCU/ARM_GCC_Support/ewl/lib/armv6-m\libc.a(__strtoul.o)
 .debug_info    0x0000609a      0x137 D:/Programme/Freescale/CW10.5/CW MCU v10.5/MCU/ARM_GCC_Support/ewl/lib/armv6-m\libc.a(__filll_mem.o)
 .debug_info    0x000061d1      0x121 D:/Programme/Freescale/CW10.5/CW MCU v10.5/MCU/ARM_GCC_Support/ewl/lib/armv6-m\libc.a(memchr.o)
 .debug_info    0x000062f2      0x10b D:/Programme/Freescale/CW10.5/CW MCU v10.5/MCU/ARM_GCC_Support/ewl/lib/armv6-m\libc.a(strchr.o)
 .debug_info    0x000063fd       0xea D:/Programme/Freescale/CW10.5/CW MCU v10.5/MCU/ARM_GCC_Support/ewl/lib/armv6-m\libc.a(strlen.o)
 .debug_info    0x000064e7      0x136 D:/Programme/Freescale/CW10.5/CW MCU v10.5/MCU/ARM_GCC_Support/ewl/lib/armv6-m\librt.a(gcc_ctor_dtor.o)
 .debug_info    0x0000661d      0x19b D:/Programme/Freescale/CW10.5/CW MCU v10.5/MCU/ARM_GCC_Support/ewl/lib/armv6-m\librt.a(ROMCopy.o)
 .debug_info    0x000067b8      0x2b9 D:/Programme/Freescale/CW10.5/CW MCU v10.5/MCU/ARM_GCC_Support/ewl/lib/armv6-m\librt.a(__arm_eabi_init.o)

.debug_abbrev   0x00000000     0x2566
 .debug_abbrev  0x00000000       0xa3 ./Generated_Code/WAIT1.o
 .debug_abbrev  0x000000a3       0xa3 ./Generated_Code/Vectors.o
 .debug_abbrev  0x00000146       0xd2 ./Generated_Code/TimerIntLdd1.o
 .debug_abbrev  0x00000218      0x17f ./Generated_Code/TU1.o
 .debug_abbrev  0x00000397       0x60 ./Generated_Code/TI1.o
 .debug_abbrev  0x000003f7      0x1b8 ./Generated_Code/SegLCD1.o
 .debug_abbrev  0x000005af       0x85 ./Generated_Code/PTC.o
 .debug_abbrev  0x00000634      0x102 ./Generated_Code/PE_LDD.o
 .debug_abbrev  0x00000736       0xa3 ./Generated_Code/LED2.o
 .debug_abbrev  0x000007d9       0xa3 ./Generated_Code/LED1.o
 .debug_abbrev  0x0000087c      0x132 ./Generated_Code/Cpu.o
 .debug_abbrev  0x000009ae      0x105 ./Generated_Code/BitIoLdd4.o
 .debug_abbrev  0x00000ab3      0x105 ./Generated_Code/BitIoLdd3.o
 .debug_abbrev  0x00000bb8      0x11c ./Generated_Code/BitIoLdd2.o
 .debug_abbrev  0x00000cd4      0x11c ./Generated_Code/BitIoLdd1.o
 .debug_abbrev  0x00000df0       0x92 ./Project_Settings/Startup_Code/__arm_start.o
 .debug_abbrev  0x00000e82       0x4c ./Project_Settings/Startup_Code/__arm_end.o
 .debug_abbrev  0x00000ece       0x3b ./Sources/Common/platform.o
 .debug_abbrev  0x00000f09       0xd6 ./Sources/Common/application.o
 .debug_abbrev  0x00000fdf      0x122 ./Sources/Common/Trigger.o
 .debug_abbrev  0x00001101       0x88 ./Sources/Common/Timer.o
 .debug_abbrev  0x00001189       0xb0 ./Sources/Common/LED.o
 .debug_abbrev  0x00001239      0x121 ./Sources/Common/KeyDebounce.o
 .debug_abbrev  0x0000135a       0xe8 ./Sources/Common/Event.o
 .debug_abbrev  0x00001442       0xe9 ./Sources/Common/Debounce.o
 .debug_abbrev  0x0000152b       0x5f ./Sources/LCD/s401.o
 .debug_abbrev  0x0000158a      0x1d9 ./Sources/LCD/LCD.o
 .debug_abbrev  0x00001763      0x11b ./Sources/daveApp.o
 .debug_abbrev  0x0000187e       0x3f ./Sources/ProcessorExpert.o
 .debug_abbrev  0x000018bd       0x7b ./Sources/Events.o
 .debug_abbrev  0x00001938       0x7a D:/Programme/Freescale/CW10.5/CW MCU v10.5/MCU/ARM_GCC_Support/ewl/lib/armv6-m\libc.a(exit.o)
 .debug_abbrev  0x000019b2       0x95 D:/Programme/Freescale/CW10.5/CW MCU v10.5/MCU/ARM_GCC_Support/ewl/lib/armv6-m\libc.a(memcpy.o)
 .debug_abbrev  0x00001a47       0x62 D:/Programme/Freescale/CW10.5/CW MCU v10.5/MCU/ARM_GCC_Support/ewl/lib/armv6-m\libc.a(memset.o)
 .debug_abbrev  0x00001aa9      0x200 D:/Programme/Freescale/CW10.5/CW MCU v10.5/MCU/ARM_GCC_Support/ewl/lib/armv6-m\libc.a(printformat_.o)
 .debug_abbrev  0x00001ca9      0x1f0 D:/Programme/Freescale/CW10.5/CW MCU v10.5/MCU/ARM_GCC_Support/ewl/lib/armv6-m\libc.a(scanformat_.o)
 .debug_abbrev  0x00001e99       0x9e D:/Programme/Freescale/CW10.5/CW MCU v10.5/MCU/ARM_GCC_Support/ewl/lib/armv6-m\libc.a(ctype_aeabi.o)
 .debug_abbrev  0x00001f37       0xc2 D:/Programme/Freescale/CW10.5/CW MCU v10.5/MCU/ARM_GCC_Support/ewl/lib/armv6-m\libc.a(__strtoul.o)
 .debug_abbrev  0x00001ff9       0x78 D:/Programme/Freescale/CW10.5/CW MCU v10.5/MCU/ARM_GCC_Support/ewl/lib/armv6-m\libc.a(__filll_mem.o)
 .debug_abbrev  0x00002071       0x95 D:/Programme/Freescale/CW10.5/CW MCU v10.5/MCU/ARM_GCC_Support/ewl/lib/armv6-m\libc.a(memchr.o)
 .debug_abbrev  0x00002106       0x7a D:/Programme/Freescale/CW10.5/CW MCU v10.5/MCU/ARM_GCC_Support/ewl/lib/armv6-m\libc.a(strchr.o)
 .debug_abbrev  0x00002180       0x7a D:/Programme/Freescale/CW10.5/CW MCU v10.5/MCU/ARM_GCC_Support/ewl/lib/armv6-m\libc.a(strlen.o)
 .debug_abbrev  0x000021fa       0x99 D:/Programme/Freescale/CW10.5/CW MCU v10.5/MCU/ARM_GCC_Support/ewl/lib/armv6-m\librt.a(gcc_ctor_dtor.o)
 .debug_abbrev  0x00002293      0x120 D:/Programme/Freescale/CW10.5/CW MCU v10.5/MCU/ARM_GCC_Support/ewl/lib/armv6-m\librt.a(ROMCopy.o)
 .debug_abbrev  0x000023b3      0x1b3 D:/Programme/Freescale/CW10.5/CW MCU v10.5/MCU/ARM_GCC_Support/ewl/lib/armv6-m\librt.a(__arm_eabi_init.o)

.debug_loc      0x00000000     0x3c63
 .debug_loc     0x00000000       0xa8 ./Generated_Code/WAIT1.o
 .debug_loc     0x000000a8       0x70 ./Generated_Code/TimerIntLdd1.o
 .debug_loc     0x00000118      0x188 ./Generated_Code/TU1.o
 .debug_loc     0x000002a0       0x38 ./Generated_Code/TI1.o
 .debug_loc     0x000002d8      0x188 ./Generated_Code/SegLCD1.o
 .debug_loc     0x00000460       0x2c ./Generated_Code/PTC.o
 .debug_loc     0x0000048c       0x9c ./Generated_Code/PE_LDD.o
 .debug_loc     0x00000528       0x64 ./Generated_Code/LED2.o
 .debug_loc     0x0000058c       0x64 ./Generated_Code/LED1.o
 .debug_loc     0x000005f0       0xb0 ./Generated_Code/Cpu.o
 .debug_loc     0x000006a0       0x70 ./Generated_Code/BitIoLdd4.o
 .debug_loc     0x00000710       0x70 ./Generated_Code/BitIoLdd3.o
 .debug_loc     0x00000780      0x118 ./Generated_Code/BitIoLdd2.o
 .debug_loc     0x00000898      0x118 ./Generated_Code/BitIoLdd1.o
 .debug_loc     0x000009b0       0x2c ./Project_Settings/Startup_Code/__arm_start.o
 .debug_loc     0x000009dc       0x38 ./Project_Settings/Startup_Code/__arm_end.o
 .debug_loc     0x00000a14       0x58 ./Sources/Common/platform.o
 .debug_loc     0x00000a6c       0x90 ./Sources/Common/application.o
 .debug_loc     0x00000afc      0x10c ./Sources/Common/Trigger.o
 .debug_loc     0x00000c08       0x90 ./Sources/Common/Timer.o
 .debug_loc     0x00000c98      0x120 ./Sources/Common/LED.o
 .debug_loc     0x00000db8       0x9c ./Sources/Common/KeyDebounce.o
 .debug_loc     0x00000e54      0x17c ./Sources/Common/Event.o
 .debug_loc     0x00000fd0       0x90 ./Sources/Common/Debounce.o
 .debug_loc     0x00001060      0x3ec ./Sources/LCD/LCD.o
 .debug_loc     0x0000144c       0xa8 ./Sources/daveApp.o
 .debug_loc     0x000014f4       0x2c ./Sources/ProcessorExpert.o
 .debug_loc     0x00001520       0x58 ./Sources/Events.o
 .debug_loc     0x00001578       0x3e D:/Programme/Freescale/CW10.5/CW MCU v10.5/MCU/ARM_GCC_Support/ewl/lib/armv6-m\libc.a(exit.o)
 .debug_loc     0x000015b6       0x59 D:/Programme/Freescale/CW10.5/CW MCU v10.5/MCU/ARM_GCC_Support/ewl/lib/armv6-m\libc.a(memcpy.o)
 .debug_loc     0x0000160f       0x6f D:/Programme/Freescale/CW10.5/CW MCU v10.5/MCU/ARM_GCC_Support/ewl/lib/armv6-m\libc.a(memset.o)
 .debug_loc     0x0000167e     0x104b D:/Programme/Freescale/CW10.5/CW MCU v10.5/MCU/ARM_GCC_Support/ewl/lib/armv6-m\libc.a(printformat_.o)
 .debug_loc     0x000026c9      0x9d8 D:/Programme/Freescale/CW10.5/CW MCU v10.5/MCU/ARM_GCC_Support/ewl/lib/armv6-m\libc.a(scanformat_.o)
 .debug_loc     0x000030a1      0x30d D:/Programme/Freescale/CW10.5/CW MCU v10.5/MCU/ARM_GCC_Support/ewl/lib/armv6-m\libc.a(ctype_aeabi.o)
 .debug_loc     0x000033ae      0x305 D:/Programme/Freescale/CW10.5/CW MCU v10.5/MCU/ARM_GCC_Support/ewl/lib/armv6-m\libc.a(__strtoul.o)
 .debug_loc     0x000036b3      0x14a D:/Programme/Freescale/CW10.5/CW MCU v10.5/MCU/ARM_GCC_Support/ewl/lib/armv6-m\libc.a(__filll_mem.o)
 .debug_loc     0x000037fd       0x77 D:/Programme/Freescale/CW10.5/CW MCU v10.5/MCU/ARM_GCC_Support/ewl/lib/armv6-m\libc.a(memchr.o)
 .debug_loc     0x00003874       0xaf D:/Programme/Freescale/CW10.5/CW MCU v10.5/MCU/ARM_GCC_Support/ewl/lib/armv6-m\libc.a(strchr.o)
 .debug_loc     0x00003923       0x33 D:/Programme/Freescale/CW10.5/CW MCU v10.5/MCU/ARM_GCC_Support/ewl/lib/armv6-m\libc.a(strlen.o)
 .debug_loc     0x00003956       0x9d D:/Programme/Freescale/CW10.5/CW MCU v10.5/MCU/ARM_GCC_Support/ewl/lib/armv6-m\librt.a(gcc_ctor_dtor.o)
 .debug_loc     0x000039f3       0xd9 D:/Programme/Freescale/CW10.5/CW MCU v10.5/MCU/ARM_GCC_Support/ewl/lib/armv6-m\librt.a(ROMCopy.o)
 .debug_loc     0x00003acc      0x197 D:/Programme/Freescale/CW10.5/CW MCU v10.5/MCU/ARM_GCC_Support/ewl/lib/armv6-m\librt.a(__arm_eabi_init.o)

.debug_aranges  0x00000000      0x8b8
 .debug_aranges
                0x00000000       0x40 ./Generated_Code/WAIT1.o
 .debug_aranges
                0x00000040       0x18 ./Generated_Code/Vectors.o
 .debug_aranges
                0x00000058       0x28 ./Generated_Code/TimerIntLdd1.o
 .debug_aranges
                0x00000080       0x50 ./Generated_Code/TU1.o
 .debug_aranges
                0x000000d0       0x20 ./Generated_Code/TI1.o
 .debug_aranges
                0x000000f0       0x50 ./Generated_Code/SegLCD1.o
 .debug_aranges
                0x00000140       0x20 ./Generated_Code/PTC.o
 .debug_aranges
                0x00000160       0x30 ./Generated_Code/PE_LDD.o
 .debug_aranges
                0x00000190       0x28 ./Generated_Code/LED2.o
 .debug_aranges
                0x000001b8       0x28 ./Generated_Code/LED1.o
 .debug_aranges
                0x000001e0       0x38 ./Generated_Code/Cpu.o
 .debug_aranges
                0x00000218       0x28 ./Generated_Code/BitIoLdd4.o
 .debug_aranges
                0x00000240       0x28 ./Generated_Code/BitIoLdd3.o
 .debug_aranges
                0x00000268       0x40 ./Generated_Code/BitIoLdd2.o
 .debug_aranges
                0x000002a8       0x40 ./Generated_Code/BitIoLdd1.o
 .debug_aranges
                0x000002e8       0x30 ./Project_Settings/Startup_Code/__arm_start.o
 .debug_aranges
                0x00000318       0x20 ./Project_Settings/Startup_Code/__arm_end.o
 .debug_aranges
                0x00000338       0x28 ./Sources/Common/platform.o
 .debug_aranges
                0x00000360       0x30 ./Sources/Common/application.o
 .debug_aranges
                0x00000390       0x40 ./Sources/Common/Trigger.o
 .debug_aranges
                0x000003d0       0x30 ./Sources/Common/Timer.o
 .debug_aranges
                0x00000400       0x48 ./Sources/Common/LED.o
 .debug_aranges
                0x00000448       0x30 ./Sources/Common/KeyDebounce.o
 .debug_aranges
                0x00000478       0x50 ./Sources/Common/Event.o
 .debug_aranges
                0x000004c8       0x30 ./Sources/Common/Debounce.o
 .debug_aranges
                0x000004f8       0x18 ./Sources/LCD/s401.o
 .debug_aranges
                0x00000510       0xb0 ./Sources/LCD/LCD.o
 .debug_aranges
                0x000005c0       0x30 ./Sources/daveApp.o
 .debug_aranges
                0x000005f0       0x20 ./Sources/ProcessorExpert.o
 .debug_aranges
                0x00000610       0x28 ./Sources/Events.o
 .debug_aranges
                0x00000638       0x20 D:/Programme/Freescale/CW10.5/CW MCU v10.5/MCU/ARM_GCC_Support/ewl/lib/armv6-m\libc.a(exit.o)
 .debug_aranges
                0x00000658       0x20 D:/Programme/Freescale/CW10.5/CW MCU v10.5/MCU/ARM_GCC_Support/ewl/lib/armv6-m\libc.a(memcpy.o)
 .debug_aranges
                0x00000678       0x20 D:/Programme/Freescale/CW10.5/CW MCU v10.5/MCU/ARM_GCC_Support/ewl/lib/armv6-m\libc.a(memset.o)
 .debug_aranges
                0x00000698       0x28 D:/Programme/Freescale/CW10.5/CW MCU v10.5/MCU/ARM_GCC_Support/ewl/lib/armv6-m\libc.a(printformat_.o)
 .debug_aranges
                0x000006c0       0x20 D:/Programme/Freescale/CW10.5/CW MCU v10.5/MCU/ARM_GCC_Support/ewl/lib/armv6-m\libc.a(scanformat_.o)
 .debug_aranges
                0x000006e0       0x88 D:/Programme/Freescale/CW10.5/CW MCU v10.5/MCU/ARM_GCC_Support/ewl/lib/armv6-m\libc.a(ctype_aeabi.o)
 .debug_aranges
                0x00000768       0x20 D:/Programme/Freescale/CW10.5/CW MCU v10.5/MCU/ARM_GCC_Support/ewl/lib/armv6-m\libc.a(__strtoul.o)
 .debug_aranges
                0x00000788       0x20 D:/Programme/Freescale/CW10.5/CW MCU v10.5/MCU/ARM_GCC_Support/ewl/lib/armv6-m\libc.a(__filll_mem.o)
 .debug_aranges
                0x000007a8       0x20 D:/Programme/Freescale/CW10.5/CW MCU v10.5/MCU/ARM_GCC_Support/ewl/lib/armv6-m\libc.a(memchr.o)
 .debug_aranges
                0x000007c8       0x20 D:/Programme/Freescale/CW10.5/CW MCU v10.5/MCU/ARM_GCC_Support/ewl/lib/armv6-m\libc.a(strchr.o)
 .debug_aranges
                0x000007e8       0x20 D:/Programme/Freescale/CW10.5/CW MCU v10.5/MCU/ARM_GCC_Support/ewl/lib/armv6-m\libc.a(strlen.o)
 .debug_aranges
                0x00000808       0x28 D:/Programme/Freescale/CW10.5/CW MCU v10.5/MCU/ARM_GCC_Support/ewl/lib/armv6-m\librt.a(gcc_ctor_dtor.o)
 .debug_aranges
                0x00000830       0x30 D:/Programme/Freescale/CW10.5/CW MCU v10.5/MCU/ARM_GCC_Support/ewl/lib/armv6-m\librt.a(ROMCopy.o)
 .debug_aranges
                0x00000860       0x58 D:/Programme/Freescale/CW10.5/CW MCU v10.5/MCU/ARM_GCC_Support/ewl/lib/armv6-m\librt.a(__arm_eabi_init.o)

.debug_macinfo  0x00000000   0x629d73
 .debug_macinfo
                0x00000000    0x39fb6 ./Generated_Code/WAIT1.o
 .debug_macinfo
                0x00039fb6    0x3d5c4 ./Generated_Code/Vectors.o
 .debug_macinfo
                0x0007757a    0x3bba7 ./Generated_Code/TimerIntLdd1.o
 .debug_macinfo
                0x000b3121    0x3bb9e ./Generated_Code/TU1.o
 .debug_macinfo
                0x000eecbf    0x3d5a4 ./Generated_Code/TI1.o
 .debug_macinfo
                0x0012c263    0x3d53b ./Generated_Code/SegLCD1.o
 .debug_macinfo
                0x0016979e    0x39cc3 ./Generated_Code/PTC.o
 .debug_macinfo
                0x001a3461    0x3d570 ./Generated_Code/PE_LDD.o
 .debug_macinfo
                0x001e09d1    0x3ae9d ./Generated_Code/LED2.o
 .debug_macinfo
                0x0021b86e    0x3ae97 ./Generated_Code/LED1.o
 .debug_macinfo
                0x00256705    0x3d5c8 ./Generated_Code/Cpu.o
 .debug_macinfo
                0x00293ccd    0x3aba0 ./Generated_Code/BitIoLdd4.o
 .debug_macinfo
                0x002ce86d    0x3ab9e ./Generated_Code/BitIoLdd3.o
 .debug_macinfo
                0x0030940b    0x3ac0d ./Generated_Code/BitIoLdd2.o
 .debug_macinfo
                0x00344018    0x3ac07 ./Generated_Code/BitIoLdd1.o
 .debug_macinfo
                0x0037ec1f     0x3e6d ./Project_Settings/Startup_Code/__arm_start.o
 .debug_macinfo
                0x00382a8c     0x3456 ./Project_Settings/Startup_Code/__arm_end.o
 .debug_macinfo
                0x00385ee2    0x3b72e ./Sources/Common/platform.o
 .debug_macinfo
                0x003c1610    0x3beb4 ./Sources/Common/application.o
 .debug_macinfo
                0x003fd4c4    0x3a0be ./Sources/Common/Trigger.o
 .debug_macinfo
                0x00437582     0xb2d8 ./Sources/Common/Timer.o
 .debug_macinfo
                0x0044285a    0x3b71e ./Sources/Common/LED.o
 .debug_macinfo
                0x0047df78    0x3b141 ./Sources/Common/KeyDebounce.o
 .debug_macinfo
                0x004b90b9    0x3a266 ./Sources/Common/Event.o
 .debug_macinfo
                0x004f331f     0xb30a ./Sources/Common/Debounce.o
 .debug_macinfo
                0x004fe629    0x3a7df ./Sources/LCD/s401.o
 .debug_macinfo
                0x00538e08    0x3b42b ./Sources/LCD/LCD.o
 .debug_macinfo
                0x00574233    0x3afcc ./Sources/daveApp.o
 .debug_macinfo
                0x005af1ff    0x3d5d0 ./Sources/ProcessorExpert.o
 .debug_macinfo
                0x005ec7cf    0x3d5a4 ./Sources/Events.o

.debug_line     0x00000000     0x7265
 .debug_line    0x00000000      0x247 ./Generated_Code/WAIT1.o
 .debug_line    0x00000247      0x49e ./Generated_Code/Vectors.o
 .debug_line    0x000006e5      0x29e ./Generated_Code/TimerIntLdd1.o
 .debug_line    0x00000983      0x31c ./Generated_Code/TU1.o
 .debug_line    0x00000c9f      0x3b5 ./Generated_Code/TI1.o
 .debug_line    0x00001054      0x31f ./Generated_Code/SegLCD1.o
 .debug_line    0x00001373      0x1e9 ./Generated_Code/PTC.o
 .debug_line    0x0000155c      0x365 ./Generated_Code/PE_LDD.o
 .debug_line    0x000018c1      0x28a ./Generated_Code/LED2.o
 .debug_line    0x00001b4b      0x28a ./Generated_Code/LED1.o
 .debug_line    0x00001dd5      0x520 ./Generated_Code/Cpu.o
 .debug_line    0x000022f5      0x27d ./Generated_Code/BitIoLdd4.o
 .debug_line    0x00002572      0x27d ./Generated_Code/BitIoLdd3.o
 .debug_line    0x000027ef      0x2b3 ./Generated_Code/BitIoLdd2.o
 .debug_line    0x00002aa2      0x2b4 ./Generated_Code/BitIoLdd1.o
 .debug_line    0x00002d56      0x2c3 ./Project_Settings/Startup_Code/__arm_start.o
 .debug_line    0x00003019      0x2aa ./Project_Settings/Startup_Code/__arm_end.o
 .debug_line    0x000032c3      0x3fa ./Sources/Common/platform.o
 .debug_line    0x000036bd      0x48e ./Sources/Common/application.o
 .debug_line    0x00003b4b      0x39e ./Sources/Common/Trigger.o
 .debug_line    0x00003ee9      0x31f ./Sources/Common/Timer.o
 .debug_line    0x00004208      0x43f ./Sources/Common/LED.o
 .debug_line    0x00004647      0x43c ./Sources/Common/KeyDebounce.o
 .debug_line    0x00004a83      0x3a3 ./Sources/Common/Event.o
 .debug_line    0x00004e26      0x352 ./Sources/Common/Debounce.o
 .debug_line    0x00005178      0x22a ./Sources/LCD/s401.o
 .debug_line    0x000053a2      0x41e ./Sources/LCD/LCD.o
 .debug_line    0x000057c0      0x426 ./Sources/daveApp.o
 .debug_line    0x00005be6      0x423 ./Sources/ProcessorExpert.o
 .debug_line    0x00006009      0x380 ./Sources/Events.o
 .debug_line    0x00006389       0x8d D:/Programme/Freescale/CW10.5/CW MCU v10.5/MCU/ARM_GCC_Support/ewl/lib/armv6-m\libc.a(exit.o)
 .debug_line    0x00006416       0x8b D:/Programme/Freescale/CW10.5/CW MCU v10.5/MCU/ARM_GCC_Support/ewl/lib/armv6-m\libc.a(memcpy.o)
 .debug_line    0x000064a1       0x90 D:/Programme/Freescale/CW10.5/CW MCU v10.5/MCU/ARM_GCC_Support/ewl/lib/armv6-m\libc.a(memset.o)
 .debug_line    0x00006531      0x2c3 D:/Programme/Freescale/CW10.5/CW MCU v10.5/MCU/ARM_GCC_Support/ewl/lib/armv6-m\libc.a(printformat_.o)
 .debug_line    0x000067f4      0x2be D:/Programme/Freescale/CW10.5/CW MCU v10.5/MCU/ARM_GCC_Support/ewl/lib/armv6-m\libc.a(scanformat_.o)
 .debug_line    0x00006ab2      0x1be D:/Programme/Freescale/CW10.5/CW MCU v10.5/MCU/ARM_GCC_Support/ewl/lib/armv6-m\libc.a(ctype_aeabi.o)
 .debug_line    0x00006c70      0x11e D:/Programme/Freescale/CW10.5/CW MCU v10.5/MCU/ARM_GCC_Support/ewl/lib/armv6-m\libc.a(__strtoul.o)
 .debug_line    0x00006d8e       0xf6 D:/Programme/Freescale/CW10.5/CW MCU v10.5/MCU/ARM_GCC_Support/ewl/lib/armv6-m\libc.a(__filll_mem.o)
 .debug_line    0x00006e84       0x9f D:/Programme/Freescale/CW10.5/CW MCU v10.5/MCU/ARM_GCC_Support/ewl/lib/armv6-m\libc.a(memchr.o)
 .debug_line    0x00006f23       0x7d D:/Programme/Freescale/CW10.5/CW MCU v10.5/MCU/ARM_GCC_Support/ewl/lib/armv6-m\libc.a(strchr.o)
 .debug_line    0x00006fa0       0x85 D:/Programme/Freescale/CW10.5/CW MCU v10.5/MCU/ARM_GCC_Support/ewl/lib/armv6-m\libc.a(strlen.o)
 .debug_line    0x00007025       0x6c D:/Programme/Freescale/CW10.5/CW MCU v10.5/MCU/ARM_GCC_Support/ewl/lib/armv6-m\librt.a(gcc_ctor_dtor.o)
 .debug_line    0x00007091       0xbd D:/Programme/Freescale/CW10.5/CW MCU v10.5/MCU/ARM_GCC_Support/ewl/lib/armv6-m\librt.a(ROMCopy.o)
 .debug_line    0x0000714e      0x117 D:/Programme/Freescale/CW10.5/CW MCU v10.5/MCU/ARM_GCC_Support/ewl/lib/armv6-m\librt.a(__arm_eabi_init.o)

.debug_str      0x00000000     0x2186
 .debug_str     0x00000000      0x172 ./Generated_Code/WAIT1.o
                                0x1a3 (size before relaxing)
 .debug_str     0x00000172       0x5e ./Generated_Code/Vectors.o
                                0x172 (size before relaxing)
 .debug_str     0x000001d0      0x113 ./Generated_Code/TimerIntLdd1.o
                                0x236 (size before relaxing)
 .debug_str     0x000002e3      0x284 ./Generated_Code/TU1.o
                                0x450 (size before relaxing)
 .debug_str     0x00000567       0x31 ./Generated_Code/TI1.o
                                0x15f (size before relaxing)
 .debug_str     0x00000598      0x244 ./Generated_Code/SegLCD1.o
                                0x50c (size before relaxing)
 .debug_str     0x000007dc       0x3f ./Generated_Code/PTC.o
                                0x177 (size before relaxing)
 .debug_str     0x0000081b      0x172 ./Generated_Code/PE_LDD.o
                                0x2d5 (size before relaxing)
 .debug_str     0x0000098d       0x3b ./Generated_Code/LED2.o
                                0x17a (size before relaxing)
 .debug_str     0x000009c8       0x35 ./Generated_Code/LED1.o
                                0x17a (size before relaxing)
 .debug_str     0x000009fd      0x17d ./Generated_Code/Cpu.o
                                0x447 (size before relaxing)
 .debug_str     0x00000b7a       0x93 ./Generated_Code/BitIoLdd4.o
                                0x2ab (size before relaxing)
 .debug_str     0x00000c0d       0x6d ./Generated_Code/BitIoLdd3.o
                                0x2ab (size before relaxing)
 .debug_str     0x00000c7a       0xa0 ./Generated_Code/BitIoLdd2.o
                                0x2de (size before relaxing)
 .debug_str     0x00000d1a       0xa0 ./Generated_Code/BitIoLdd1.o
                                0x2de (size before relaxing)
 .debug_str     0x00000dba       0x85 ./Project_Settings/Startup_Code/__arm_start.o
                                0x1a0 (size before relaxing)
 .debug_str     0x00000e3f       0x41 ./Project_Settings/Startup_Code/__arm_end.o
                                 0xd7 (size before relaxing)
 .debug_str     0x00000e80       0x68 ./Sources/Common/platform.o
                                0x152 (size before relaxing)
 .debug_str     0x00000ee8      0x194 ./Sources/Common/application.o
                                0x2aa (size before relaxing)
 .debug_str     0x0000107c      0x13b ./Sources/Common/Trigger.o
                                0x240 (size before relaxing)
 .debug_str     0x000011b7       0x7e ./Sources/Common/Timer.o
                                0x275 (size before relaxing)
 .debug_str     0x00001235       0xa8 ./Sources/Common/LED.o
                                0x1bd (size before relaxing)
 .debug_str     0x000012dd      0x1ba ./Sources/Common/KeyDebounce.o
                                0x437 (size before relaxing)
 .debug_str     0x00001497       0xe7 ./Sources/Common/Event.o
                                0x300 (size before relaxing)
 .debug_str     0x0000157e       0x79 ./Sources/Common/Debounce.o
                                0x2ff (size before relaxing)
 .debug_str     0x000015f7       0x4d ./Sources/LCD/s401.o
                                0x161 (size before relaxing)
 .debug_str     0x00001644      0x24a ./Sources/LCD/LCD.o
                                0x50f (size before relaxing)
 .debug_str     0x0000188e       0x38 ./Sources/daveApp.o
                                0x1a3 (size before relaxing)
 .debug_str     0x000018c6       0x22 ./Sources/ProcessorExpert.o
                                0x136 (size before relaxing)
 .debug_str     0x000018e8       0x31 ./Sources/Events.o
                                0x161 (size before relaxing)
 .debug_str     0x00001919       0x54 D:/Programme/Freescale/CW10.5/CW MCU v10.5/MCU/ARM_GCC_Support/ewl/lib/armv6-m\libc.a(exit.o)
                                0x157 (size before relaxing)
 .debug_str     0x0000196d       0x23 D:/Programme/Freescale/CW10.5/CW MCU v10.5/MCU/ARM_GCC_Support/ewl/lib/armv6-m\libc.a(memcpy.o)
                                0x138 (size before relaxing)
 .debug_str     0x00001990       0x1c D:/Programme/Freescale/CW10.5/CW MCU v10.5/MCU/ARM_GCC_Support/ewl/lib/armv6-m\libc.a(memset.o)
                                0x140 (size before relaxing)
 .debug_str     0x000019ac      0x23b D:/Programme/Freescale/CW10.5/CW MCU v10.5/MCU/ARM_GCC_Support/ewl/lib/armv6-m\libc.a(printformat_.o)
                                0x3b3 (size before relaxing)
 .debug_str     0x00001be7      0x184 D:/Programme/Freescale/CW10.5/CW MCU v10.5/MCU/ARM_GCC_Support/ewl/lib/armv6-m\libc.a(scanformat_.o)
                                0x3f9 (size before relaxing)
 .debug_str     0x00001d6b       0x9d D:/Programme/Freescale/CW10.5/CW MCU v10.5/MCU/ARM_GCC_Support/ewl/lib/armv6-m\libc.a(ctype_aeabi.o)
                                0x1bc (size before relaxing)
 .debug_str     0x00001e08       0x55 D:/Programme/Freescale/CW10.5/CW MCU v10.5/MCU/ARM_GCC_Support/ewl/lib/armv6-m\libc.a(__strtoul.o)
                                0x1fb (size before relaxing)
 .debug_str     0x00001e5d       0x25 D:/Programme/Freescale/CW10.5/CW MCU v10.5/MCU/ARM_GCC_Support/ewl/lib/armv6-m\libc.a(__filll_mem.o)
                                0x152 (size before relaxing)
 .debug_str     0x00001e82       0x1c D:/Programme/Freescale/CW10.5/CW MCU v10.5/MCU/ARM_GCC_Support/ewl/lib/armv6-m\libc.a(memchr.o)
                                0x148 (size before relaxing)
 .debug_str     0x00001e9e       0x1c D:/Programme/Freescale/CW10.5/CW MCU v10.5/MCU/ARM_GCC_Support/ewl/lib/armv6-m\libc.a(strchr.o)
                                0x137 (size before relaxing)
 .debug_str     0x00001eba       0x1c D:/Programme/Freescale/CW10.5/CW MCU v10.5/MCU/ARM_GCC_Support/ewl/lib/armv6-m\libc.a(strlen.o)
                                0x140 (size before relaxing)
 .debug_str     0x00001ed6      0x126 D:/Programme/Freescale/CW10.5/CW MCU v10.5/MCU/ARM_GCC_Support/ewl/lib/armv6-m\librt.a(gcc_ctor_dtor.o)
                                0x181 (size before relaxing)
 .debug_str     0x00001ffc       0x9c D:/Programme/Freescale/CW10.5/CW MCU v10.5/MCU/ARM_GCC_Support/ewl/lib/armv6-m\librt.a(ROMCopy.o)
                                0x13c (size before relaxing)
 .debug_str     0x00002098       0xee D:/Programme/Freescale/CW10.5/CW MCU v10.5/MCU/ARM_GCC_Support/ewl/lib/armv6-m\librt.a(__arm_eabi_init.o)
                                0x1b5 (size before relaxing)

.comment        0x00000000       0x79
 .comment       0x00000000       0x79 ./Generated_Code/WAIT1.o
                                 0x7a (size before relaxing)
 .comment       0x00000000       0x7a ./Generated_Code/Vectors.o
 .comment       0x00000000       0x7a ./Generated_Code/TimerIntLdd1.o
 .comment       0x00000000       0x7a ./Generated_Code/TU1.o
 .comment       0x00000000       0x7a ./Generated_Code/TI1.o
 .comment       0x00000000       0x7a ./Generated_Code/SegLCD1.o
 .comment       0x00000000       0x7a ./Generated_Code/PTC.o
 .comment       0x00000000       0x7a ./Generated_Code/PE_LDD.o
 .comment       0x00000000       0x7a ./Generated_Code/LED2.o
 .comment       0x00000000       0x7a ./Generated_Code/LED1.o
 .comment       0x00000000       0x7a ./Generated_Code/Cpu.o
 .comment       0x00000000       0x7a ./Generated_Code/BitIoLdd4.o
 .comment       0x00000000       0x7a ./Generated_Code/BitIoLdd3.o
 .comment       0x00000000       0x7a ./Generated_Code/BitIoLdd2.o
 .comment       0x00000000       0x7a ./Generated_Code/BitIoLdd1.o
 .comment       0x00000000       0x7a ./Project_Settings/Startup_Code/__arm_start.o
 .comment       0x00000000       0x7a ./Project_Settings/Startup_Code/__arm_end.o
 .comment       0x00000000       0x7a ./Sources/Common/platform.o
 .comment       0x00000000       0x7a ./Sources/Common/application.o
 .comment       0x00000000       0x7a ./Sources/Common/Trigger.o
 .comment       0x00000000       0x7a ./Sources/Common/Timer.o
 .comment       0x00000000       0x7a ./Sources/Common/LED.o
 .comment       0x00000000       0x7a ./Sources/Common/KeyDebounce.o
 .comment       0x00000000       0x7a ./Sources/Common/Event.o
 .comment       0x00000000       0x7a ./Sources/Common/Debounce.o
 .comment       0x00000000       0x7a ./Sources/LCD/s401.o
 .comment       0x00000000       0x7a ./Sources/LCD/LCD.o
 .comment       0x00000000       0x7a ./Sources/daveApp.o
 .comment       0x00000000       0x7a ./Sources/ProcessorExpert.o
 .comment       0x00000000       0x7a ./Sources/Events.o
 .comment       0x00000000       0x7a D:/Programme/Freescale/CW10.5/CW MCU v10.5/MCU/ARM_GCC_Support/ewl/lib/armv6-m\libc.a(exit.o)
 .comment       0x00000000       0x7a D:/Programme/Freescale/CW10.5/CW MCU v10.5/MCU/ARM_GCC_Support/ewl/lib/armv6-m\libc.a(memcpy.o)
 .comment       0x00000000       0x7a D:/Programme/Freescale/CW10.5/CW MCU v10.5/MCU/ARM_GCC_Support/ewl/lib/armv6-m\libc.a(memset.o)
 .comment       0x00000000       0x7a D:/Programme/Freescale/CW10.5/CW MCU v10.5/MCU/ARM_GCC_Support/ewl/lib/armv6-m\libc.a(printformat_.o)
 .comment       0x00000000       0x7a D:/Programme/Freescale/CW10.5/CW MCU v10.5/MCU/ARM_GCC_Support/ewl/lib/armv6-m\libc.a(scanformat_.o)
 .comment       0x00000000       0x7a D:/Programme/Freescale/CW10.5/CW MCU v10.5/MCU/ARM_GCC_Support/ewl/lib/armv6-m\libc.a(ctype_aeabi.o)
 .comment       0x00000000       0x7a D:/Programme/Freescale/CW10.5/CW MCU v10.5/MCU/ARM_GCC_Support/ewl/lib/armv6-m\libc.a(__strtoul.o)
 .comment       0x00000000       0x7a D:/Programme/Freescale/CW10.5/CW MCU v10.5/MCU/ARM_GCC_Support/ewl/lib/armv6-m\libc.a(__filll_mem.o)
 .comment       0x00000000       0x7a D:/Programme/Freescale/CW10.5/CW MCU v10.5/MCU/ARM_GCC_Support/ewl/lib/armv6-m\libc.a(memchr.o)
 .comment       0x00000000       0x7a D:/Programme/Freescale/CW10.5/CW MCU v10.5/MCU/ARM_GCC_Support/ewl/lib/armv6-m\libc.a(strchr.o)
 .comment       0x00000000       0x7a D:/Programme/Freescale/CW10.5/CW MCU v10.5/MCU/ARM_GCC_Support/ewl/lib/armv6-m\libc.a(strlen.o)
 .comment       0x00000000       0x7a D:/Programme/Freescale/CW10.5/CW MCU v10.5/MCU/ARM_GCC_Support/ewl/lib/armv6-m\librt.a(gcc_ctor_dtor.o)
 .comment       0x00000000       0x7a D:/Programme/Freescale/CW10.5/CW MCU v10.5/MCU/ARM_GCC_Support/ewl/lib/armv6-m\librt.a(ROMCopy.o)
 .comment       0x00000000       0x7a D:/Programme/Freescale/CW10.5/CW MCU v10.5/MCU/ARM_GCC_Support/ewl/lib/armv6-m\librt.a(__arm_eabi_init.o)

.debug_frame    0x00000000     0x1364
 .debug_frame   0x00000000       0x90 ./Generated_Code/WAIT1.o
 .debug_frame   0x00000090       0x50 ./Generated_Code/TimerIntLdd1.o
 .debug_frame   0x000000e0       0xf0 ./Generated_Code/TU1.o
 .debug_frame   0x000001d0       0x30 ./Generated_Code/TI1.o
 .debug_frame   0x00000200       0xf4 ./Generated_Code/SegLCD1.o
 .debug_frame   0x000002f4       0x2c ./Generated_Code/PTC.o
 .debug_frame   0x00000320       0x6c ./Generated_Code/PE_LDD.o
 .debug_frame   0x0000038c       0x4c ./Generated_Code/LED2.o
 .debug_frame   0x000003d8       0x4c ./Generated_Code/LED1.o
 .debug_frame   0x00000424       0x80 ./Generated_Code/Cpu.o
 .debug_frame   0x000004a4       0x50 ./Generated_Code/BitIoLdd4.o
 .debug_frame   0x000004f4       0x50 ./Generated_Code/BitIoLdd3.o
 .debug_frame   0x00000544       0xb0 ./Generated_Code/BitIoLdd2.o
 .debug_frame   0x000005f4       0xb0 ./Generated_Code/BitIoLdd1.o
 .debug_frame   0x000006a4       0x4c ./Project_Settings/Startup_Code/__arm_start.o
 .debug_frame   0x000006f0       0x30 ./Project_Settings/Startup_Code/__arm_end.o
 .debug_frame   0x00000720       0x48 ./Sources/Common/platform.o
 .debug_frame   0x00000768       0x68 ./Sources/Common/application.o
 .debug_frame   0x000007d0       0xac ./Sources/Common/Trigger.o
 .debug_frame   0x0000087c       0x68 ./Sources/Common/Timer.o
 .debug_frame   0x000008e4       0xc0 ./Sources/Common/LED.o
 .debug_frame   0x000009a4       0x6c ./Sources/Common/KeyDebounce.o
 .debug_frame   0x00000a10       0xec ./Sources/Common/Event.o
 .debug_frame   0x00000afc       0x68 ./Sources/Common/Debounce.o
 .debug_frame   0x00000b64      0x25c ./Sources/LCD/LCD.o
 .debug_frame   0x00000dc0       0x70 ./Sources/daveApp.o
 .debug_frame   0x00000e30       0x2c ./Sources/ProcessorExpert.o
 .debug_frame   0x00000e5c       0x48 ./Sources/Events.o
 .debug_frame   0x00000ea4       0x2c D:/Programme/Freescale/CW10.5/CW MCU v10.5/MCU/ARM_GCC_Support/ewl/lib/armv6-m\libc.a(exit.o)
 .debug_frame   0x00000ed0       0x28 D:/Programme/Freescale/CW10.5/CW MCU v10.5/MCU/ARM_GCC_Support/ewl/lib/armv6-m\libc.a(memcpy.o)
 .debug_frame   0x00000ef8       0x28 D:/Programme/Freescale/CW10.5/CW MCU v10.5/MCU/ARM_GCC_Support/ewl/lib/armv6-m\libc.a(memset.o)
 .debug_frame   0x00000f20       0x54 D:/Programme/Freescale/CW10.5/CW MCU v10.5/MCU/ARM_GCC_Support/ewl/lib/armv6-m\libc.a(printformat_.o)
 .debug_frame   0x00000f74       0x34 D:/Programme/Freescale/CW10.5/CW MCU v10.5/MCU/ARM_GCC_Support/ewl/lib/armv6-m\libc.a(scanformat_.o)
 .debug_frame   0x00000fa8      0x158 D:/Programme/Freescale/CW10.5/CW MCU v10.5/MCU/ARM_GCC_Support/ewl/lib/armv6-m\libc.a(ctype_aeabi.o)
 .debug_frame   0x00001100       0x30 D:/Programme/Freescale/CW10.5/CW MCU v10.5/MCU/ARM_GCC_Support/ewl/lib/armv6-m\libc.a(__strtoul.o)
 .debug_frame   0x00001130       0x2c D:/Programme/Freescale/CW10.5/CW MCU v10.5/MCU/ARM_GCC_Support/ewl/lib/armv6-m\libc.a(__filll_mem.o)
 .debug_frame   0x0000115c       0x28 D:/Programme/Freescale/CW10.5/CW MCU v10.5/MCU/ARM_GCC_Support/ewl/lib/armv6-m\libc.a(memchr.o)
 .debug_frame   0x00001184       0x28 D:/Programme/Freescale/CW10.5/CW MCU v10.5/MCU/ARM_GCC_Support/ewl/lib/armv6-m\libc.a(strchr.o)
 .debug_frame   0x000011ac       0x28 D:/Programme/Freescale/CW10.5/CW MCU v10.5/MCU/ARM_GCC_Support/ewl/lib/armv6-m\libc.a(strlen.o)
 .debug_frame   0x000011d4       0x20 d:/programme/freescale/cw10.5/cw mcu v10.5/cross_tools/arm-none-eabi-gcc-4_7_3/bin/../lib/gcc/arm-none-eabi/4.7.3/armv6-m\libgcc.a(_udivsi3.o)
 .debug_frame   0x000011f4       0x20 d:/programme/freescale/cw10.5/cw mcu v10.5/cross_tools/arm-none-eabi-gcc-4_7_3/bin/../lib/gcc/arm-none-eabi/4.7.3/armv6-m\libgcc.a(_divsi3.o)
 .debug_frame   0x00001214       0x40 D:/Programme/Freescale/CW10.5/CW MCU v10.5/MCU/ARM_GCC_Support/ewl/lib/armv6-m\librt.a(gcc_ctor_dtor.o)
 .debug_frame   0x00001254       0x54 D:/Programme/Freescale/CW10.5/CW MCU v10.5/MCU/ARM_GCC_Support/ewl/lib/armv6-m\librt.a(ROMCopy.o)
 .debug_frame   0x000012a8       0xbc D:/Programme/Freescale/CW10.5/CW MCU v10.5/MCU/ARM_GCC_Support/ewl/lib/armv6-m\librt.a(__arm_eabi_init.o)
